---
source: tests/plateau/bldg.rs
expression: output
input_file: sample/plateau/bldg/53372013_bldg_6697_op.gml
---
BldgAttribute { gml_id: "bldg_002429ed-bc7a-44d7-9333-4449280beb75", uro_building_id: "21211-bldg-38006", uro_city_code: "21211", class_code: "3001", measured_height: Some(1.456), lod1_height_type: Some(6), uro_prefecture_code: Some("21"), usage_code: None, usage: None } - 3 RangeIDs,
BldgAttribute { gml_id: "bldg_00624f4f-69ef-4d91-a09c-8691dfe0fa93", uro_building_id: "21211-bldg-65235", uro_city_code: "21211", class_code: "3003", measured_height: Some(1.96), lod1_height_type: Some(6), uro_prefecture_code: Some("21"), usage_code: None, usage: None } - 4 RangeIDs,
BldgAttribute { gml_id: "bldg_025e838d-47b7-470a-8276-a8f41049d06f", uro_building_id: "21211-bldg-37952", uro_city_code: "21211", class_code: "3001", measured_height: Some(2.817), lod1_height_type: Some(6), uro_prefecture_code: Some("21"), usage_code: None, usage: None } - 8 RangeIDs,
BldgAttribute { gml_id: "bldg_034eb822-dba6-4ea0-b1e5-6e19714c3085", uro_building_id: "21211-bldg-41975", uro_city_code: "21211", class_code: "3001", measured_height: Some(7.339), lod1_height_type: Some(6), uro_prefecture_code: Some("21"), usage_code: None, usage: None } - 39 RangeIDs,
BldgAttribute { gml_id: "bldg_03cdbb9e-2063-4a3d-adfc-1eba81c33df6", uro_building_id: "21211-bldg-42462", uro_city_code: "21211", class_code: "3001", measured_height: Some(1.475), lod1_height_type: Some(6), uro_prefecture_code: Some("21"), usage_code: None, usage: None } - 0 RangeIDs,
BldgAttribute { gml_id: "bldg_03d2124a-2f42-4843-b2bd-8689908c2c14", uro_building_id: "21211-bldg-65199", uro_city_code: "21211", class_code: "3003", measured_height: Some(2.925), lod1_height_type: Some(6), uro_prefecture_code: Some("21"), usage_code: None, usage: None } - 4 RangeIDs,
BldgAttribute { gml_id: "bldg_0644bb82-4f67-4de5-b216-ae861aac65f2", uro_building_id: "21211-bldg-67180", uro_city_code: "21211", class_code: "3003", measured_height: Some(2.894), lod1_height_type: Some(6), uro_prefecture_code: Some("21"), usage_code: None, usage: None } - 5 RangeIDs,
BldgAttribute { gml_id: "bldg_0732ae0a-fde6-405e-852c-12501231fb87", uro_building_id: "21211-bldg-42448", uro_city_code: "21211", class_code: "3001", measured_height: Some(2.325), lod1_height_type: Some(6), uro_prefecture_code: Some("21"), usage_code: None, usage: None } - 2 RangeIDs,
BldgAttribute { gml_id: "bldg_08269bcf-a378-4559-af4f-3604a7112671", uro_building_id: "21211-bldg-67077", uro_city_code: "21211", class_code: "3003", measured_height: Some(2.95), lod1_height_type: Some(6), uro_prefecture_code: Some("21"), usage_code: None, usage: None } - 9 RangeIDs,
BldgAttribute { gml_id: "bldg_0ab87312-f9ef-4f68-bd9c-b0a7191afd35", uro_building_id: "21211-bldg-65255", uro_city_code: "21211", class_code: "3003", measured_height: Some(4.591), lod1_height_type: Some(6), uro_prefecture_code: Some("21"), usage_code: None, usage: None } - 8 RangeIDs,
BldgAttribute { gml_id: "bldg_0b3850f4-a203-41c1-ad74-f1c8e4b9401a", uro_building_id: "21211-bldg-37953", uro_city_code: "21211", class_code: "3001", measured_height: Some(6.441), lod1_height_type: Some(6), uro_prefecture_code: Some("21"), usage_code: None, usage: None } - 35 RangeIDs,
BldgAttribute { gml_id: "bldg_0bc66772-3f12-4481-b05f-9987e5e2f482", uro_building_id: "21211-bldg-41983", uro_city_code: "21211", class_code: "3001", measured_height: Some(2.894), lod1_height_type: Some(6), uro_prefecture_code: Some("21"), usage_code: None, usage: None } - 6 RangeIDs,
BldgAttribute { gml_id: "bldg_0c388916-1f0b-428f-b689-8c4e2daa43b8", uro_building_id: "21211-bldg-42024", uro_city_code: "21211", class_code: "3001", measured_height: Some(1.965), lod1_height_type: Some(6), uro_prefecture_code: Some("21"), usage_code: None, usage: None } - 3 RangeIDs,
BldgAttribute { gml_id: "bldg_0dab55b4-75cd-4a9c-94f8-f251517d7066", uro_building_id: "21211-bldg-42470", uro_city_code: "21211", class_code: "3001", measured_height: Some(6.337), lod1_height_type: Some(6), uro_prefecture_code: Some("21"), usage_code: None, usage: None } - 40 RangeIDs,
BldgAttribute { gml_id: "bldg_0f1bee8f-4df7-4505-9e32-a26deb18ed88", uro_building_id: "21211-bldg-41977", uro_city_code: "21211", class_code: "3001", measured_height: Some(2.297), lod1_height_type: Some(6), uro_prefecture_code: Some("21"), usage_code: None, usage: None } - 3 RangeIDs,
BldgAttribute { gml_id: "bldg_11e59a74-8e11-4398-b0a8-d3bb124a26fd", uro_building_id: "21211-bldg-67085", uro_city_code: "21211", class_code: "3003", measured_height: Some(3.039), lod1_height_type: Some(6), uro_prefecture_code: Some("21"), usage_code: None, usage: None } - 6 RangeIDs,
BldgAttribute { gml_id: "bldg_12c02821-cd99-4925-a301-2168d448304d", uro_building_id: "21211-bldg-38009", uro_city_code: "21211", class_code: "3001", measured_height: Some(7.417), lod1_height_type: Some(6), uro_prefecture_code: Some("21"), usage_code: None, usage: None } - 28 RangeIDs,
BldgAttribute { gml_id: "bldg_133f6eec-a30e-4bbb-9a48-4fb027e7b751", uro_building_id: "21211-bldg-65233", uro_city_code: "21211", class_code: "3003", measured_height: Some(2.952), lod1_height_type: Some(6), uro_prefecture_code: Some("21"), usage_code: None, usage: None } - 4 RangeIDs,
BldgAttribute { gml_id: "bldg_135b1b1d-b6c6-4b7a-bdc9-202d52a24542", uro_building_id: "21211-bldg-67076", uro_city_code: "21211", class_code: "3003", measured_height: None, lod1_height_type: Some(0), uro_prefecture_code: Some("21"), usage_code: None, usage: None } - 7 RangeIDs,
BldgAttribute { gml_id: "bldg_1672509e-b998-4c05-a893-3e03fcb4cd3d", uro_building_id: "21211-bldg-65231", uro_city_code: "21211", class_code: "3003", measured_height: Some(2.253), lod1_height_type: Some(6), uro_prefecture_code: Some("21"), usage_code: None, usage: None } - 8 RangeIDs,
BldgAttribute { gml_id: "bldg_169b13d6-b2b8-44d2-83c6-413fd3ba2b61", uro_building_id: "21211-bldg-67088", uro_city_code: "21211", class_code: "3003", measured_height: Some(2.698), lod1_height_type: Some(6), uro_prefecture_code: Some("21"), usage_code: None, usage: None } - 6 RangeIDs,
BldgAttribute { gml_id: "bldg_17240b75-d0c9-401b-90af-d09ec3ff5cb2", uro_building_id: "21211-bldg-42430", uro_city_code: "21211", class_code: "3001", measured_height: Some(4.079), lod1_height_type: Some(6), uro_prefecture_code: Some("21"), usage_code: None, usage: None } - 6 RangeIDs,
BldgAttribute { gml_id: "bldg_19605eb7-06d1-4c66-afae-1f37b9d73a99", uro_building_id: "21211-bldg-65234", uro_city_code: "21211", class_code: "3003", measured_height: Some(2.367), lod1_height_type: Some(6), uro_prefecture_code: Some("21"), usage_code: None, usage: None } - 6 RangeIDs,
BldgAttribute { gml_id: "bldg_198731dc-c303-4704-88dd-948590f40458", uro_building_id: "21211-bldg-38010", uro_city_code: "21211", class_code: "3001", measured_height: Some(6.031), lod1_height_type: Some(6), uro_prefecture_code: Some("21"), usage_code: None, usage: None } - 12 RangeIDs,
BldgAttribute { gml_id: "bldg_1a8d3c31-bb99-4a40-a5b2-b9f11d306776", uro_building_id: "21211-bldg-67070", uro_city_code: "21211", class_code: "3003", measured_height: Some(2.698), lod1_height_type: Some(6), uro_prefecture_code: Some("21"), usage_code: None, usage: None } - 7 RangeIDs,
BldgAttribute { gml_id: "bldg_1c532b7b-8903-4ce4-a985-369a2124518f", uro_building_id: "21211-bldg-41981", uro_city_code: "21211", class_code: "3001", measured_height: Some(4.858), lod1_height_type: Some(6), uro_prefecture_code: Some("21"), usage_code: None, usage: None } - 8 RangeIDs,
BldgAttribute { gml_id: "bldg_1e077d90-8731-4bc3-ad96-a09b914b5e54", uro_building_id: "21211-bldg-42432", uro_city_code: "21211", class_code: "3001", measured_height: Some(8.171), lod1_height_type: Some(6), uro_prefecture_code: Some("21"), usage_code: None, usage: None } - 13 RangeIDs,
BldgAttribute { gml_id: "bldg_1f3a3b92-e73b-4f37-a8e4-7e89658ff147", uro_building_id: "21211-bldg-37962", uro_city_code: "21211", class_code: "3001", measured_height: None, lod1_height_type: Some(0), uro_prefecture_code: Some("21"), usage_code: None, usage: None } - 8 RangeIDs,
BldgAttribute { gml_id: "bldg_1f8bf783-d3ce-4f13-a7d8-b7aaec6c74fc", uro_building_id: "21211-bldg-42467", uro_city_code: "21211", class_code: "3001", measured_height: Some(3.223), lod1_height_type: Some(6), uro_prefecture_code: Some("21"), usage_code: None, usage: None } - 6 RangeIDs,
BldgAttribute { gml_id: "bldg_1fc16ec1-3cca-4ca3-9b76-6689cb4e739c", uro_building_id: "21211-bldg-65226", uro_city_code: "21211", class_code: "3003", measured_height: Some(2.578), lod1_height_type: Some(6), uro_prefecture_code: Some("21"), usage_code: None, usage: None } - 23 RangeIDs,
BldgAttribute { gml_id: "bldg_22751a35-13c9-4eae-b770-415df43d93da", uro_building_id: "21211-bldg-37965", uro_city_code: "21211", class_code: "3001", measured_height: Some(2.646), lod1_height_type: Some(6), uro_prefecture_code: Some("21"), usage_code: None, usage: None } - 5 RangeIDs,
BldgAttribute { gml_id: "bldg_23eabc18-1b17-48e0-a056-fa285413d2bd", uro_building_id: "21211-bldg-42018", uro_city_code: "21211", class_code: "3001", measured_height: Some(5.943), lod1_height_type: Some(6), uro_prefecture_code: Some("21"), usage_code: None, usage: None } - 10 RangeIDs,
BldgAttribute { gml_id: "bldg_242523bd-e628-4d13-82b3-79998efa98c0", uro_building_id: "21211-bldg-42401", uro_city_code: "21211", class_code: "3001", measured_height: Some(4.871), lod1_height_type: Some(6), uro_prefecture_code: Some("21"), usage_code: None, usage: None } - 18 RangeIDs,
BldgAttribute { gml_id: "bldg_26393bbb-ca1e-40de-9a60-39a85ad2625b", uro_building_id: "21211-bldg-67093", uro_city_code: "21211", class_code: "3003", measured_height: Some(2.62), lod1_height_type: Some(6), uro_prefecture_code: Some("21"), usage_code: None, usage: None } - 2 RangeIDs,
BldgAttribute { gml_id: "bldg_26a4871d-afe8-460a-9318-e59d5efda80a", uro_building_id: "21211-bldg-42032", uro_city_code: "21211", class_code: "3001", measured_height: Some(1.625), lod1_height_type: Some(6), uro_prefecture_code: Some("21"), usage_code: None, usage: None } - 4 RangeIDs,
BldgAttribute { gml_id: "bldg_26c0a4b4-8fd0-4869-9b19-9b60343c2d1c", uro_building_id: "21211-bldg-42446", uro_city_code: "21211", class_code: "3001", measured_height: Some(6.177), lod1_height_type: Some(6), uro_prefecture_code: Some("21"), usage_code: None, usage: None } - 41 RangeIDs,
BldgAttribute { gml_id: "bldg_26d85903-35c3-4d4b-913a-db062f7763ea", uro_building_id: "21211-bldg-65259", uro_city_code: "21211", class_code: "3003", measured_height: Some(3.354), lod1_height_type: Some(6), uro_prefecture_code: Some("21"), usage_code: None, usage: None } - 9 RangeIDs,
BldgAttribute { gml_id: "bldg_27b838df-8a05-415a-bb8b-cc593dd4c4c8", uro_building_id: "21211-bldg-42441", uro_city_code: "21211", class_code: "3001", measured_height: Some(4.88), lod1_height_type: Some(6), uro_prefecture_code: Some("21"), usage_code: None, usage: None } - 15 RangeIDs,
BldgAttribute { gml_id: "bldg_27efe372-b7fe-4bb7-b7a2-e83d4393c194", uro_building_id: "21211-bldg-42013", uro_city_code: "21211", class_code: "3001", measured_height: Some(2.788), lod1_height_type: Some(6), uro_prefecture_code: Some("21"), usage_code: None, usage: None } - 5 RangeIDs,
BldgAttribute { gml_id: "bldg_294f9320-784b-4d96-903b-18f63721e72d", uro_building_id: "21211-bldg-67068", uro_city_code: "21211", class_code: "3003", measured_height: Some(2.744), lod1_height_type: Some(6), uro_prefecture_code: Some("21"), usage_code: None, usage: None } - 2 RangeIDs,
BldgAttribute { gml_id: "bldg_29b83e2c-0909-490a-af91-3769260bb976", uro_building_id: "21211-bldg-37990", uro_city_code: "21211", class_code: "3001", measured_height: Some(8.952), lod1_height_type: Some(6), uro_prefecture_code: Some("21"), usage_code: None, usage: None } - 59 RangeIDs,
BldgAttribute { gml_id: "bldg_29ce1b08-8030-47af-ad21-f0b176607878", uro_building_id: "21211-bldg-37984", uro_city_code: "21211", class_code: "3001", measured_height: Some(5.415), lod1_height_type: Some(6), uro_prefecture_code: Some("21"), usage_code: None, usage: None } - 16 RangeIDs,
BldgAttribute { gml_id: "bldg_2a7cd131-8cab-4a2a-af78-14b9d2af7123", uro_building_id: "21211-bldg-67057", uro_city_code: "21211", class_code: "3003", measured_height: Some(3.993), lod1_height_type: Some(6), uro_prefecture_code: Some("21"), usage_code: None, usage: None } - 4 RangeIDs,
BldgAttribute { gml_id: "bldg_2d08bc70-5817-48d9-b920-bfe4347a09bc", uro_building_id: "21211-bldg-37942", uro_city_code: "21211", class_code: "3001", measured_height: Some(7.438), lod1_height_type: Some(6), uro_prefecture_code: Some("21"), usage_code: None, usage: None } - 21 RangeIDs,
BldgAttribute { gml_id: "bldg_2d528b81-30f7-4e1c-b9bc-290df81454ee", uro_building_id: "21211-bldg-67179", uro_city_code: "21211", class_code: "3003", measured_height: Some(3.368), lod1_height_type: Some(6), uro_prefecture_code: Some("21"), usage_code: None, usage: None } - 12 RangeIDs,
BldgAttribute { gml_id: "bldg_2e17240d-e464-4995-b48b-1776d8b83a1b", uro_building_id: "21211-bldg-42463", uro_city_code: "21211", class_code: "3001", measured_height: Some(3.403), lod1_height_type: Some(6), uro_prefecture_code: Some("21"), usage_code: None, usage: None } - 8 RangeIDs,
BldgAttribute { gml_id: "bldg_2f3e2fbe-6f63-44b1-bdec-4536991656bd", uro_building_id: "21211-bldg-42454", uro_city_code: "21211", class_code: "3001", measured_height: Some(5.674), lod1_height_type: Some(6), uro_prefecture_code: Some("21"), usage_code: None, usage: None } - 20 RangeIDs,
BldgAttribute { gml_id: "bldg_317fa8ba-292d-46ac-b01d-9d85cdf1b137", uro_building_id: "21211-bldg-42438", uro_city_code: "21211", class_code: "3001", measured_height: Some(5.423), lod1_height_type: Some(6), uro_prefecture_code: Some("21"), usage_code: None, usage: None } - 15 RangeIDs,
BldgAttribute { gml_id: "bldg_31ecb68a-6259-4db4-aa00-79e77e86fe93", uro_building_id: "21211-bldg-42022", uro_city_code: "21211", class_code: "3001", measured_height: Some(3.553), lod1_height_type: Some(6), uro_prefecture_code: Some("21"), usage_code: None, usage: None } - 10 RangeIDs,
BldgAttribute { gml_id: "bldg_3268fb65-ebe5-4d44-8926-1eb9fde7547c", uro_building_id: "21211-bldg-42029", uro_city_code: "21211", class_code: "3001", measured_height: Some(7.537), lod1_height_type: Some(6), uro_prefecture_code: Some("21"), usage_code: None, usage: None } - 16 RangeIDs,
BldgAttribute { gml_id: "bldg_32c18a63-9c70-4018-9d2c-7fda453394d6", uro_building_id: "21211-bldg-41991", uro_city_code: "21211", class_code: "3001", measured_height: Some(7.246), lod1_height_type: Some(6), uro_prefecture_code: Some("21"), usage_code: None, usage: None } - 15 RangeIDs,
BldgAttribute { gml_id: "bldg_33d9683a-23a1-49b6-8ce4-9b4c3c54a18f", uro_building_id: "21211-bldg-37943", uro_city_code: "21211", class_code: "3001", measured_height: Some(1.803), lod1_height_type: Some(6), uro_prefecture_code: Some("21"), usage_code: None, usage: None } - 2 RangeIDs,
BldgAttribute { gml_id: "bldg_342128b5-679a-4949-be7f-ae95271a64a6", uro_building_id: "21211-bldg-41980", uro_city_code: "21211", class_code: "3001", measured_height: Some(3.423), lod1_height_type: Some(6), uro_prefecture_code: Some("21"), usage_code: None, usage: None } - 13 RangeIDs,
BldgAttribute { gml_id: "bldg_35548387-3b18-4e6d-92e4-415e2d58e642", uro_building_id: "21211-bldg-65136", uro_city_code: "21211", class_code: "3003", measured_height: Some(3.258), lod1_height_type: Some(6), uro_prefecture_code: Some("21"), usage_code: None, usage: None } - 5 RangeIDs,
BldgAttribute { gml_id: "bldg_35f8deeb-8532-4f61-9c15-7ec89de69a1b", uro_building_id: "21211-bldg-42394", uro_city_code: "21211", class_code: "3001", measured_height: Some(6.103), lod1_height_type: Some(6), uro_prefecture_code: Some("21"), usage_code: None, usage: None } - 13 RangeIDs,
BldgAttribute { gml_id: "bldg_394e0396-f0de-4ebd-a512-906ab02ca11e", uro_building_id: "21211-bldg-67079", uro_city_code: "21211", class_code: "3003", measured_height: Some(2.642), lod1_height_type: Some(6), uro_prefecture_code: Some("21"), usage_code: None, usage: None } - 4 RangeIDs,
BldgAttribute { gml_id: "bldg_397c3b42-e20d-46aa-b676-07e5d4af487d", uro_building_id: "21211-bldg-42033", uro_city_code: "21211", class_code: "3001", measured_height: Some(1.944), lod1_height_type: Some(6), uro_prefecture_code: Some("21"), usage_code: None, usage: None } - 4 RangeIDs,
BldgAttribute { gml_id: "bldg_3ad5dbbb-d473-4997-8402-ac5f79d52026", uro_building_id: "21211-bldg-37944", uro_city_code: "21211", class_code: "3001", measured_height: Some(5.543), lod1_height_type: Some(6), uro_prefecture_code: Some("21"), usage_code: None, usage: None } - 31 RangeIDs,
BldgAttribute { gml_id: "bldg_3b670477-05b6-4dd7-9bfe-302873c940cb", uro_building_id: "21211-bldg-42466", uro_city_code: "21211", class_code: "3001", measured_height: Some(7.096), lod1_height_type: Some(6), uro_prefecture_code: Some("21"), usage_code: None, usage: None } - 21 RangeIDs,
BldgAttribute { gml_id: "bldg_3b8b48f8-2368-4511-b195-7678ec9f9bc1", uro_building_id: "21211-bldg-67197", uro_city_code: "21211", class_code: "3003", measured_height: Some(2.092), lod1_height_type: Some(6), uro_prefecture_code: Some("21"), usage_code: None, usage: None } - 4 RangeIDs,
BldgAttribute { gml_id: "bldg_3badba1d-e793-4302-a03b-f29ef97cb0c4", uro_building_id: "21211-bldg-42435", uro_city_code: "21211", class_code: "3001", measured_height: Some(5.938), lod1_height_type: Some(6), uro_prefecture_code: Some("21"), usage_code: None, usage: None } - 12 RangeIDs,
BldgAttribute { gml_id: "bldg_3bd854c7-a678-41c6-b514-a5e0c10f3b4f", uro_building_id: "21211-bldg-67072", uro_city_code: "21211", class_code: "3003", measured_height: Some(2.488), lod1_height_type: Some(6), uro_prefecture_code: Some("21"), usage_code: None, usage: None } - 2 RangeIDs,
BldgAttribute { gml_id: "bldg_3c4fd64e-5a6d-43cb-8e5f-c4815d231f1a", uro_building_id: "21211-bldg-42465", uro_city_code: "21211", class_code: "3001", measured_height: Some(5.375), lod1_height_type: Some(6), uro_prefecture_code: Some("21"), usage_code: None, usage: None } - 17 RangeIDs,
BldgAttribute { gml_id: "bldg_3c602049-244b-4210-bd24-0c10a7109025", uro_building_id: "21211-bldg-42447", uro_city_code: "21211", class_code: "3001", measured_height: Some(8.278), lod1_height_type: Some(6), uro_prefecture_code: Some("21"), usage_code: None, usage: None } - 13 RangeIDs,
BldgAttribute { gml_id: "bldg_3efb307f-1b16-45a7-8410-bb61a153b114", uro_building_id: "21211-bldg-67054", uro_city_code: "21211", class_code: "3003", measured_height: Some(3.223), lod1_height_type: Some(6), uro_prefecture_code: Some("21"), usage_code: None, usage: None } - 21 RangeIDs,
BldgAttribute { gml_id: "bldg_41070887-9a5a-4d4e-881d-f0fe1f80ff95", uro_building_id: "21211-bldg-67065", uro_city_code: "21211", class_code: "3003", measured_height: Some(2.037), lod1_height_type: Some(6), uro_prefecture_code: Some("21"), usage_code: None, usage: None } - 3 RangeIDs,
BldgAttribute { gml_id: "bldg_419056f4-18c9-4c7f-aec9-65d548c84cfc", uro_building_id: "21211-bldg-37946", uro_city_code: "21211", class_code: "3001", measured_height: Some(6.832), lod1_height_type: Some(6), uro_prefecture_code: Some("21"), usage_code: None, usage: None } - 25 RangeIDs,
BldgAttribute { gml_id: "bldg_41914275-6bd9-45cb-9acd-9ddceae5b500", uro_building_id: "21211-bldg-67091", uro_city_code: "21211", class_code: "3003", measured_height: Some(2.303), lod1_height_type: Some(6), uro_prefecture_code: Some("21"), usage_code: None, usage: None } - 4 RangeIDs,
BldgAttribute { gml_id: "bldg_41d958c1-29e7-42a5-936d-5d82ee41379e", uro_building_id: "21211-bldg-41974", uro_city_code: "21211", class_code: "3001", measured_height: Some(2.677), lod1_height_type: Some(6), uro_prefecture_code: Some("21"), usage_code: None, usage: None } - 7 RangeIDs,
BldgAttribute { gml_id: "bldg_41fc2b21-92b8-4f2c-bc93-01298ee18bab", uro_building_id: "21211-bldg-38012", uro_city_code: "21211", class_code: "3001", measured_height: Some(3.032), lod1_height_type: Some(6), uro_prefecture_code: Some("21"), usage_code: None, usage: None } - 6 RangeIDs,
BldgAttribute { gml_id: "bldg_42c38586-8b36-4d3f-b3c3-1137664c1ef2", uro_building_id: "21211-bldg-38018", uro_city_code: "21211", class_code: "3001", measured_height: Some(5.114), lod1_height_type: Some(6), uro_prefecture_code: Some("21"), usage_code: None, usage: None } - 19 RangeIDs,
BldgAttribute { gml_id: "bldg_43a0f956-70b5-4b07-a8fe-5661c8525a53", uro_building_id: "21211-bldg-65265", uro_city_code: "21211", class_code: "3003", measured_height: Some(1.745), lod1_height_type: Some(6), uro_prefecture_code: Some("21"), usage_code: None, usage: None } - 0 RangeIDs,
BldgAttribute { gml_id: "bldg_468fc786-9ff6-4341-8237-f9e8287b42a7", uro_building_id: "21211-bldg-42434", uro_city_code: "21211", class_code: "3001", measured_height: Some(7.825), lod1_height_type: Some(6), uro_prefecture_code: Some("21"), usage_code: None, usage: None } - 13 RangeIDs,
BldgAttribute { gml_id: "bldg_470bb3a6-bc8c-491b-933f-54cec93179e7", uro_building_id: "21211-bldg-65232", uro_city_code: "21211", class_code: "3003", measured_height: Some(2.096), lod1_height_type: Some(6), uro_prefecture_code: Some("21"), usage_code: None, usage: None } - 2 RangeIDs,
BldgAttribute { gml_id: "bldg_480f0b9b-1137-4e49-b4e3-05b6961e4812", uro_building_id: "21211-bldg-42017", uro_city_code: "21211", class_code: "3001", measured_height: Some(3.221), lod1_height_type: Some(6), uro_prefecture_code: Some("21"), usage_code: None, usage: None } - 4 RangeIDs,
BldgAttribute { gml_id: "bldg_48a7479f-cceb-439a-8bdf-dff2e973d44a", uro_building_id: "21211-bldg-38029", uro_city_code: "21211", class_code: "3001", measured_height: Some(7.954), lod1_height_type: Some(6), uro_prefecture_code: Some("21"), usage_code: None, usage: None } - 15 RangeIDs,
BldgAttribute { gml_id: "bldg_48c55950-8f35-416b-bf7e-e420c6fb4ce6", uro_building_id: "21211-bldg-41982", uro_city_code: "21211", class_code: "3001", measured_height: Some(6.049), lod1_height_type: Some(6), uro_prefecture_code: Some("21"), usage_code: None, usage: None } - 32 RangeIDs,
BldgAttribute { gml_id: "bldg_4a27aebc-5dbd-40b6-813d-99bb5b1905b0", uro_building_id: "21211-bldg-67083", uro_city_code: "21211", class_code: "3003", measured_height: Some(2.81), lod1_height_type: Some(6), uro_prefecture_code: Some("21"), usage_code: None, usage: None } - 4 RangeIDs,
BldgAttribute { gml_id: "bldg_4bfd80e7-99eb-441c-9452-174c6df638fe", uro_building_id: "21211-bldg-42433", uro_city_code: "21211", class_code: "3001", measured_height: Some(3.362), lod1_height_type: Some(6), uro_prefecture_code: Some("21"), usage_code: None, usage: None } - 8 RangeIDs,
BldgAttribute { gml_id: "bldg_4cb72173-d082-4218-9037-cd0a8cd81ed6", uro_building_id: "21211-bldg-37957", uro_city_code: "21211", class_code: "3001", measured_height: Some(7.343), lod1_height_type: Some(6), uro_prefecture_code: Some("21"), usage_code: None, usage: None } - 14 RangeIDs,
BldgAttribute { gml_id: "bldg_4eb20649-adc6-486d-84fa-ec26c47390a4", uro_building_id: "21211-bldg-38007", uro_city_code: "21211", class_code: "3001", measured_height: Some(2.04), lod1_height_type: Some(6), uro_prefecture_code: Some("21"), usage_code: None, usage: None } - 4 RangeIDs,
BldgAttribute { gml_id: "bldg_4f1e54e9-f75e-47b0-bb34-c4f3d0c8300c", uro_building_id: "21211-bldg-42458", uro_city_code: "21211", class_code: "3001", measured_height: Some(4.313), lod1_height_type: Some(6), uro_prefecture_code: Some("21"), usage_code: None, usage: None } - 6 RangeIDs,
BldgAttribute { gml_id: "bldg_4fc6cfdd-3bb4-4e19-820c-db824ff0d6de", uro_building_id: "21211-bldg-72398", uro_city_code: "21211", class_code: "3002", measured_height: Some(17.061), lod1_height_type: Some(6), uro_prefecture_code: Some("21"), usage_code: None, usage: None } - 85 RangeIDs,
BldgAttribute { gml_id: "bldg_505a75ba-6de9-418c-89da-9c36e046f3f4", uro_building_id: "21211-bldg-38109", uro_city_code: "21211", class_code: "3001", measured_height: Some(5.224), lod1_height_type: Some(6), uro_prefecture_code: Some("21"), usage_code: None, usage: None } - 16 RangeIDs,
BldgAttribute { gml_id: "bldg_515e7b89-9a95-4a02-b11f-d9c5d31e9dfc", uro_building_id: "21211-bldg-67084", uro_city_code: "21211", class_code: "3003", measured_height: Some(2.811), lod1_height_type: Some(6), uro_prefecture_code: Some("21"), usage_code: None, usage: None } - 6 RangeIDs,
BldgAttribute { gml_id: "bldg_51ac7649-d56e-4f51-b9cd-8584b2af70eb", uro_building_id: "21211-bldg-67184", uro_city_code: "21211", class_code: "3003", measured_height: Some(2.137), lod1_height_type: Some(6), uro_prefecture_code: Some("21"), usage_code: None, usage: None } - 4 RangeIDs,
BldgAttribute { gml_id: "bldg_53d21b69-644c-4815-93e1-0d011afcf7f2", uro_building_id: "21211-bldg-42445", uro_city_code: "21211", class_code: "3001", measured_height: Some(5.348), lod1_height_type: Some(6), uro_prefecture_code: Some("21"), usage_code: None, usage: None } - 23 RangeIDs,
BldgAttribute { gml_id: "bldg_53e2696a-a8a8-4e78-bf7d-d5a04ff2bb19", uro_building_id: "21211-bldg-67069", uro_city_code: "21211", class_code: "3003", measured_height: Some(3.515), lod1_height_type: Some(6), uro_prefecture_code: Some("21"), usage_code: None, usage: None } - 5 RangeIDs,
BldgAttribute { gml_id: "bldg_544fdf33-8078-4ae2-a158-90f542f70acc", uro_building_id: "21211-bldg-38098", uro_city_code: "21211", class_code: "3001", measured_height: Some(3.994), lod1_height_type: Some(6), uro_prefecture_code: Some("21"), usage_code: None, usage: None } - 12 RangeIDs,
BldgAttribute { gml_id: "bldg_552e8216-00a1-46b3-8b0d-9f8fa8403463", uro_building_id: "21211-bldg-41971", uro_city_code: "21211", class_code: "3001", measured_height: Some(7.533), lod1_height_type: Some(6), uro_prefecture_code: Some("21"), usage_code: None, usage: None } - 29 RangeIDs,
BldgAttribute { gml_id: "bldg_557f0589-3c97-4227-aeac-84095698b292", uro_building_id: "21211-bldg-42383", uro_city_code: "21211", class_code: "3001", measured_height: Some(3.022), lod1_height_type: Some(6), uro_prefecture_code: Some("21"), usage_code: None, usage: None } - 6 RangeIDs,
BldgAttribute { gml_id: "bldg_5643e379-0d81-455d-a0f4-8bdffe2ee798", uro_building_id: "21211-bldg-67090", uro_city_code: "21211", class_code: "3003", measured_height: Some(2.793), lod1_height_type: Some(6), uro_prefecture_code: Some("21"), usage_code: None, usage: None } - 8 RangeIDs,
BldgAttribute { gml_id: "bldg_5a30bdf7-6007-42bd-9b07-c3466485148d", uro_building_id: "21211-bldg-37955", uro_city_code: "21211", class_code: "3001", measured_height: Some(2.486), lod1_height_type: Some(6), uro_prefecture_code: Some("21"), usage_code: None, usage: None } - 5 RangeIDs,
BldgAttribute { gml_id: "bldg_5a38d550-e41a-49a7-8d26-c75d445fd70c", uro_building_id: "21211-bldg-38011", uro_city_code: "21211", class_code: "3001", measured_height: Some(4.529), lod1_height_type: Some(6), uro_prefecture_code: Some("21"), usage_code: None, usage: None } - 20 RangeIDs,
BldgAttribute { gml_id: "bldg_5ccef3d8-0cfd-4533-b521-39ca06895a90", uro_building_id: "21211-bldg-65264", uro_city_code: "21211", class_code: "3003", measured_height: Some(2.26), lod1_height_type: Some(6), uro_prefecture_code: Some("21"), usage_code: None, usage: None } - 10 RangeIDs,
BldgAttribute { gml_id: "bldg_5d2e3944-4967-4d68-9c84-1052adb0d2af", uro_building_id: "21211-bldg-42443", uro_city_code: "21211", class_code: "3001", measured_height: Some(7.875), lod1_height_type: Some(6), uro_prefecture_code: Some("21"), usage_code: None, usage: None } - 24 RangeIDs,
BldgAttribute { gml_id: "bldg_5d96a7a1-9360-4dc5-8a9d-2db5eb673b8c", uro_building_id: "21211-bldg-42456", uro_city_code: "21211", class_code: "3001", measured_height: Some(9.637), lod1_height_type: Some(6), uro_prefecture_code: Some("21"), usage_code: None, usage: None } - 18 RangeIDs,
BldgAttribute { gml_id: "bldg_5ed98b86-e15d-4b4f-ac9d-cfa39df2c799", uro_building_id: "21211-bldg-65228", uro_city_code: "21211", class_code: "3003", measured_height: Some(2.872), lod1_height_type: Some(6), uro_prefecture_code: Some("21"), usage_code: None, usage: None } - 10 RangeIDs,
BldgAttribute { gml_id: "bldg_5eda95ce-f0cb-412a-9900-883640c71760", uro_building_id: "21211-bldg-67181", uro_city_code: "21211", class_code: "3003", measured_height: Some(3.723), lod1_height_type: Some(6), uro_prefecture_code: Some("21"), usage_code: None, usage: None } - 12 RangeIDs,
BldgAttribute { gml_id: "bldg_5ee39d4b-a1eb-4bf0-abd6-dd5180a9338f", uro_building_id: "21211-bldg-37961", uro_city_code: "21211", class_code: "3001", measured_height: Some(3.724), lod1_height_type: Some(6), uro_prefecture_code: Some("21"), usage_code: None, usage: None } - 10 RangeIDs,
BldgAttribute { gml_id: "bldg_6085042a-b86e-4370-a44d-c861674f0947", uro_building_id: "21211-bldg-38013", uro_city_code: "21211", class_code: "3001", measured_height: Some(5.488), lod1_height_type: Some(6), uro_prefecture_code: Some("21"), usage_code: None, usage: None } - 4 RangeIDs,
BldgAttribute { gml_id: "bldg_60de2379-9c16-4aee-a2b6-07f784fd2b73", uro_building_id: "21211-bldg-42031", uro_city_code: "21211", class_code: "3001", measured_height: Some(1.791), lod1_height_type: Some(6), uro_prefecture_code: Some("21"), usage_code: None, usage: None } - 3 RangeIDs,
BldgAttribute { gml_id: "bldg_61788ee2-2559-4036-9c19-0dbe2090fb38", uro_building_id: "21211-bldg-38019", uro_city_code: "21211", class_code: "3001", measured_height: Some(8.149), lod1_height_type: Some(6), uro_prefecture_code: Some("21"), usage_code: None, usage: None } - 30 RangeIDs,
BldgAttribute { gml_id: "bldg_62702ed7-9808-43fa-a223-0c1f7e8f422d", uro_building_id: "21211-bldg-67078", uro_city_code: "21211", class_code: "3003", measured_height: Some(3.146), lod1_height_type: Some(6), uro_prefecture_code: Some("21"), usage_code: None, usage: None } - 18 RangeIDs,
BldgAttribute { gml_id: "bldg_628e6791-a5af-4e66-bafd-fa1480c969a2", uro_building_id: "21211-bldg-37993", uro_city_code: "21211", class_code: "3001", measured_height: Some(3.115), lod1_height_type: Some(6), uro_prefecture_code: Some("21"), usage_code: None, usage: None } - 7 RangeIDs,
BldgAttribute { gml_id: "bldg_63e28331-7460-4eaa-9823-056f5ab00578", uro_building_id: "21211-bldg-41973", uro_city_code: "21211", class_code: "3001", measured_height: Some(2.751), lod1_height_type: Some(6), uro_prefecture_code: Some("21"), usage_code: None, usage: None } - 6 RangeIDs,
BldgAttribute { gml_id: "bldg_65452a54-4806-4d96-9e8b-2b02694e44f8", uro_building_id: "21211-bldg-41956", uro_city_code: "21211", class_code: "3001", measured_height: Some(4.092), lod1_height_type: Some(6), uro_prefecture_code: Some("21"), usage_code: None, usage: None } - 4 RangeIDs,
BldgAttribute { gml_id: "bldg_65740f20-c286-4c1b-8a48-bb2b120d17f7", uro_building_id: "21211-bldg-42449", uro_city_code: "21211", class_code: "3001", measured_height: Some(8.158), lod1_height_type: Some(6), uro_prefecture_code: Some("21"), usage_code: None, usage: None } - 14 RangeIDs,
BldgAttribute { gml_id: "bldg_65d1cd68-dba5-4ccd-a66d-5a11922ab61c", uro_building_id: "21211-bldg-42460", uro_city_code: "21211", class_code: "3001", measured_height: Some(2.536), lod1_height_type: Some(6), uro_prefecture_code: Some("21"), usage_code: None, usage: None } - 4 RangeIDs,
BldgAttribute { gml_id: "bldg_6602e1f3-1d39-4141-b207-ca1ffaba84d4", uro_building_id: "21211-bldg-67064", uro_city_code: "21211", class_code: "3003", measured_height: Some(2.407), lod1_height_type: Some(6), uro_prefecture_code: Some("21"), usage_code: None, usage: None } - 9 RangeIDs,
BldgAttribute { gml_id: "bldg_66621f59-18b8-4b0f-b3c5-3b3826b8c5e6", uro_building_id: "21211-bldg-67056", uro_city_code: "21211", class_code: "3003", measured_height: Some(2.84), lod1_height_type: Some(6), uro_prefecture_code: Some("21"), usage_code: None, usage: None } - 10 RangeIDs,
BldgAttribute { gml_id: "bldg_67ccb677-b5e8-464d-bb53-4b94d3d0f953", uro_building_id: "21211-bldg-42399", uro_city_code: "21211", class_code: "3001", measured_height: Some(2.79), lod1_height_type: Some(6), uro_prefecture_code: Some("21"), usage_code: None, usage: None } - 8 RangeIDs,
BldgAttribute { gml_id: "bldg_6832ad18-0db4-4945-a338-945433075974", uro_building_id: "21211-bldg-65256", uro_city_code: "21211", class_code: "3003", measured_height: Some(2.057), lod1_height_type: Some(6), uro_prefecture_code: Some("21"), usage_code: None, usage: None } - 6 RangeIDs,
BldgAttribute { gml_id: "bldg_68506112-aab0-40c4-b604-74b22ad0cdfc", uro_building_id: "21211-bldg-42200", uro_city_code: "21211", class_code: "3001", measured_height: Some(5.487), lod1_height_type: Some(6), uro_prefecture_code: Some("21"), usage_code: None, usage: None } - 6 RangeIDs,
BldgAttribute { gml_id: "bldg_69067e5b-0254-4868-aa04-98b9323f0a0d", uro_building_id: "21211-bldg-42402", uro_city_code: "21211", class_code: "3001", measured_height: Some(6.238), lod1_height_type: Some(6), uro_prefecture_code: Some("21"), usage_code: None, usage: None } - 17 RangeIDs,
BldgAttribute { gml_id: "bldg_69aff4ae-52e3-402b-9f04-c3201e7f5082", uro_building_id: "21211-bldg-65246", uro_city_code: "21211", class_code: "3003", measured_height: Some(2.73), lod1_height_type: Some(6), uro_prefecture_code: Some("21"), usage_code: None, usage: None } - 7 RangeIDs,
BldgAttribute { gml_id: "bldg_6ba77700-3b49-4e08-92e7-4c408ab2d4ee", uro_building_id: "21211-bldg-42384", uro_city_code: "21211", class_code: "3001", measured_height: None, lod1_height_type: Some(0), uro_prefecture_code: Some("21"), usage_code: None, usage: None } - 6 RangeIDs,
BldgAttribute { gml_id: "bldg_7024719c-98ca-4192-89dd-edd2e0206f85", uro_building_id: "21211-bldg-37988", uro_city_code: "21211", class_code: "3001", measured_height: Some(4.921), lod1_height_type: Some(6), uro_prefecture_code: Some("21"), usage_code: None, usage: None } - 13 RangeIDs,
BldgAttribute { gml_id: "bldg_73b92109-cbce-4f28-90ab-3f7b590294ce", uro_building_id: "21211-bldg-67071", uro_city_code: "21211", class_code: "3003", measured_height: Some(2.383), lod1_height_type: Some(6), uro_prefecture_code: Some("21"), usage_code: None, usage: None } - 0 RangeIDs,
BldgAttribute { gml_id: "bldg_73f01a42-f95c-45b7-a5d1-a2b3bb0dd57d", uro_building_id: "21211-bldg-37945", uro_city_code: "21211", class_code: "3001", measured_height: Some(4.836), lod1_height_type: Some(6), uro_prefecture_code: Some("21"), usage_code: None, usage: None } - 9 RangeIDs,
BldgAttribute { gml_id: "bldg_758616ba-48eb-47d1-bcf8-47a401912513", uro_building_id: "21211-bldg-37958", uro_city_code: "21211", class_code: "3001", measured_height: Some(5.018), lod1_height_type: Some(6), uro_prefecture_code: Some("21"), usage_code: None, usage: None } - 14 RangeIDs,
BldgAttribute { gml_id: "bldg_76a489c7-0e24-4499-881e-4c55ff51c450", uro_building_id: "21211-bldg-42442", uro_city_code: "21211", class_code: "3001", measured_height: Some(3.237), lod1_height_type: Some(6), uro_prefecture_code: Some("21"), usage_code: None, usage: None } - 5 RangeIDs,
BldgAttribute { gml_id: "bldg_770694c2-236d-475a-980c-eafdff9eddbb", uro_building_id: "21211-bldg-37991", uro_city_code: "21211", class_code: "3001", measured_height: Some(4.402), lod1_height_type: Some(6), uro_prefecture_code: Some("21"), usage_code: None, usage: None } - 16 RangeIDs,
BldgAttribute { gml_id: "bldg_772a7fa2-8a70-4dca-af15-61b032723c1a", uro_building_id: "21211-bldg-41955", uro_city_code: "21211", class_code: "3001", measured_height: None, lod1_height_type: Some(6), uro_prefecture_code: Some("21"), usage_code: None, usage: None } - 4 RangeIDs,
BldgAttribute { gml_id: "bldg_7a750ce6-5d6e-424e-aabb-38b76726977c", uro_building_id: "21211-bldg-65245", uro_city_code: "21211", class_code: "3003", measured_height: Some(3.974), lod1_height_type: Some(6), uro_prefecture_code: Some("21"), usage_code: None, usage: None } - 24 RangeIDs,
BldgAttribute { gml_id: "bldg_7ba4f5a9-a024-4898-999a-82fbc0bbcb7d", uro_building_id: "21211-bldg-42468", uro_city_code: "21211", class_code: "3001", measured_height: Some(5.914), lod1_height_type: Some(6), uro_prefecture_code: Some("21"), usage_code: None, usage: None } - 48 RangeIDs,
BldgAttribute { gml_id: "bldg_7bdaa7f6-aa6b-4b2a-a3bb-d96f07d6db91", uro_building_id: "21211-bldg-67082", uro_city_code: "21211", class_code: "3003", measured_height: Some(3.146), lod1_height_type: Some(6), uro_prefecture_code: Some("21"), usage_code: None, usage: None } - 8 RangeIDs,
BldgAttribute { gml_id: "bldg_7c58fa51-1014-4168-bc14-e7908c175f70", uro_building_id: "21211-bldg-67073", uro_city_code: "21211", class_code: "3003", measured_height: Some(2.976), lod1_height_type: Some(6), uro_prefecture_code: Some("21"), usage_code: None, usage: None } - 6 RangeIDs,
BldgAttribute { gml_id: "bldg_7e06750c-a0e3-45f7-bc7f-dd54f4474789", uro_building_id: "21211-bldg-67074", uro_city_code: "21211", class_code: "3003", measured_height: Some(2.352), lod1_height_type: Some(6), uro_prefecture_code: Some("21"), usage_code: None, usage: None } - 4 RangeIDs,
BldgAttribute { gml_id: "bldg_7e50a8d2-d99f-4b70-bbcb-3a4b692b1b2b", uro_building_id: "21211-bldg-37954", uro_city_code: "21211", class_code: "3001", measured_height: Some(4.72), lod1_height_type: Some(6), uro_prefecture_code: Some("21"), usage_code: None, usage: None } - 23 RangeIDs,
BldgAttribute { gml_id: "bldg_7e72a550-2278-4f47-b4bc-704af26137de", uro_building_id: "21211-bldg-67063", uro_city_code: "21211", class_code: "3003", measured_height: Some(1.727), lod1_height_type: Some(6), uro_prefecture_code: Some("21"), usage_code: None, usage: None } - 0 RangeIDs,
BldgAttribute { gml_id: "bldg_7f069d3e-e2a2-4122-8765-79e7d721fb79", uro_building_id: "21211-bldg-42431", uro_city_code: "21211", class_code: "3001", measured_height: Some(3.289), lod1_height_type: Some(6), uro_prefecture_code: Some("21"), usage_code: None, usage: None } - 8 RangeIDs,
BldgAttribute { gml_id: "bldg_7f582122-88d1-4715-b008-894a43369b02", uro_building_id: "21211-bldg-41972", uro_city_code: "21211", class_code: "3001", measured_height: Some(5.217), lod1_height_type: Some(6), uro_prefecture_code: Some("21"), usage_code: None, usage: None } - 8 RangeIDs,
BldgAttribute { gml_id: "bldg_80207a26-5c2c-4ed6-96bf-edbe271f0ab7", uro_building_id: "21211-bldg-65260", uro_city_code: "21211", class_code: "3003", measured_height: Some(5.039), lod1_height_type: Some(6), uro_prefecture_code: Some("21"), usage_code: None, usage: None } - 3 RangeIDs,
BldgAttribute { gml_id: "bldg_82972579-9c23-4624-9744-62b9bada1656", uro_building_id: "21211-bldg-37960", uro_city_code: "21211", class_code: "3001", measured_height: Some(5.425), lod1_height_type: Some(6), uro_prefecture_code: Some("21"), usage_code: None, usage: None } - 11 RangeIDs,
BldgAttribute { gml_id: "bldg_82fc6bd3-05b2-43fc-8195-ecd8ff113843", uro_building_id: "21211-bldg-42016", uro_city_code: "21211", class_code: "3001", measured_height: Some(8.54), lod1_height_type: Some(6), uro_prefecture_code: Some("21"), usage_code: None, usage: None } - 11 RangeIDs,
BldgAttribute { gml_id: "bldg_852e35fa-c439-455c-a43d-f35c02eae6c7", uro_building_id: "21211-bldg-67066", uro_city_code: "21211", class_code: "3003", measured_height: Some(3.582), lod1_height_type: Some(6), uro_prefecture_code: Some("21"), usage_code: None, usage: None } - 6 RangeIDs,
BldgAttribute { gml_id: "bldg_858c291b-acfe-498b-9315-046b2e991321", uro_building_id: "21211-bldg-38017", uro_city_code: "21211", class_code: "3001", measured_height: Some(7.343), lod1_height_type: Some(6), uro_prefecture_code: Some("21"), usage_code: None, usage: None } - 28 RangeIDs,
BldgAttribute { gml_id: "bldg_877836fe-2f97-41bc-a089-2e25a0d1eae1", uro_building_id: "21211-bldg-37968", uro_city_code: "21211", class_code: "3001", measured_height: Some(8.715), lod1_height_type: Some(6), uro_prefecture_code: Some("21"), usage_code: None, usage: None } - 22 RangeIDs,
BldgAttribute { gml_id: "bldg_879746f2-bd8b-4f29-aedb-3d3ece28a4da", uro_building_id: "21211-bldg-37941", uro_city_code: "21211", class_code: "3001", measured_height: Some(6.68), lod1_height_type: Some(6), uro_prefecture_code: Some("21"), usage_code: None, usage: None } - 15 RangeIDs,
BldgAttribute { gml_id: "bldg_8911ddcd-9496-4bb8-9c21-cc16a1f5854d", uro_building_id: "21211-bldg-42030", uro_city_code: "21211", class_code: "3001", measured_height: Some(1.791), lod1_height_type: Some(6), uro_prefecture_code: Some("21"), usage_code: None, usage: None } - 2 RangeIDs,
BldgAttribute { gml_id: "bldg_892480ec-b3e1-43bc-b0dc-1d153fddd962", uro_building_id: "21211-bldg-42453", uro_city_code: "21211", class_code: "3001", measured_height: Some(3.515), lod1_height_type: Some(6), uro_prefecture_code: Some("21"), usage_code: None, usage: None } - 8 RangeIDs,
BldgAttribute { gml_id: "bldg_894bfacd-6439-4767-ab85-5ddb78d311f6", uro_building_id: "21211-bldg-41990", uro_city_code: "21211", class_code: "3001", measured_height: Some(2.517), lod1_height_type: Some(6), uro_prefecture_code: Some("21"), usage_code: None, usage: None } - 3 RangeIDs,
BldgAttribute { gml_id: "bldg_8abab4c8-c7c0-4e82-8387-a871db82e0b0", uro_building_id: "21211-bldg-65227", uro_city_code: "21211", class_code: "3003", measured_height: Some(1.883), lod1_height_type: Some(6), uro_prefecture_code: Some("21"), usage_code: None, usage: None } - 10 RangeIDs,
BldgAttribute { gml_id: "bldg_8b350eaf-d40c-4dd7-bcb6-321d600d2854", uro_building_id: "21211-bldg-67089", uro_city_code: "21211", class_code: "3003", measured_height: Some(6.5), lod1_height_type: Some(6), uro_prefecture_code: Some("21"), usage_code: None, usage: None } - 10 RangeIDs,
BldgAttribute { gml_id: "bldg_8d8cc5ba-13f8-4077-8795-45c156ce4694", uro_building_id: "21211-bldg-42392", uro_city_code: "21211", class_code: "3001", measured_height: Some(5.096), lod1_height_type: Some(6), uro_prefecture_code: Some("21"), usage_code: None, usage: None } - 19 RangeIDs,
BldgAttribute { gml_id: "bldg_8f231432-3de4-47a0-9ecb-53aba3d8d0aa", uro_building_id: "21211-bldg-42381", uro_city_code: "21211", class_code: "3001", measured_height: Some(3.539), lod1_height_type: Some(6), uro_prefecture_code: Some("21"), usage_code: None, usage: None } - 4 RangeIDs,
BldgAttribute { gml_id: "bldg_908bbd2b-b562-49bf-a1d2-1a63daf8d4a8", uro_building_id: "21211-bldg-67196", uro_city_code: "21211", class_code: "3003", measured_height: Some(3.115), lod1_height_type: Some(6), uro_prefecture_code: Some("21"), usage_code: None, usage: None } - 3 RangeIDs,
BldgAttribute { gml_id: "bldg_923c134b-b9eb-4683-8bb8-c6a69f497a15", uro_building_id: "21211-bldg-67176", uro_city_code: "21211", class_code: "3003", measured_height: Some(3.299), lod1_height_type: Some(6), uro_prefecture_code: Some("21"), usage_code: None, usage: None } - 8 RangeIDs,
BldgAttribute { gml_id: "bldg_9306417c-b0e7-4584-ab26-560af03d8b4b", uro_building_id: "21211-bldg-42469", uro_city_code: "21211", class_code: "3001", measured_height: Some(2.955), lod1_height_type: Some(6), uro_prefecture_code: Some("21"), usage_code: None, usage: None } - 6 RangeIDs,
BldgAttribute { gml_id: "bldg_938c4d44-07b1-4448-b519-f36c709f03e9", uro_building_id: "21211-bldg-42014", uro_city_code: "21211", class_code: "3001", measured_height: Some(2.737), lod1_height_type: Some(6), uro_prefecture_code: Some("21"), usage_code: None, usage: None } - 6 RangeIDs,
BldgAttribute { gml_id: "bldg_9605197a-3ec0-4098-9e7a-e6f2d45e0dc0", uro_building_id: "21211-bldg-37985", uro_city_code: "21211", class_code: "3001", measured_height: None, lod1_height_type: Some(0), uro_prefecture_code: Some("21"), usage_code: None, usage: None } - 4 RangeIDs,
BldgAttribute { gml_id: "bldg_96994ebd-fbc4-4e2e-bc0b-cb70d3ee93f1", uro_building_id: "21211-bldg-67058", uro_city_code: "21211", class_code: "3003", measured_height: Some(4.272), lod1_height_type: Some(6), uro_prefecture_code: Some("21"), usage_code: None, usage: None } - 3 RangeIDs,
BldgAttribute { gml_id: "bldg_97100c0b-c90a-4fed-970c-f9e224b1f2c6", uro_building_id: "21211-bldg-41992", uro_city_code: "21211", class_code: "3001", measured_height: Some(1.839), lod1_height_type: Some(6), uro_prefecture_code: Some("21"), usage_code: None, usage: None } - 0 RangeIDs,
BldgAttribute { gml_id: "bldg_988166f4-af38-461a-b3da-dc61e9025300", uro_building_id: "21211-bldg-42439", uro_city_code: "21211", class_code: "3001", measured_height: Some(2.523), lod1_height_type: Some(6), uro_prefecture_code: Some("21"), usage_code: None, usage: None } - 4 RangeIDs,
BldgAttribute { gml_id: "bldg_98cbe936-03c8-47b6-bb23-cde0fab07194", uro_building_id: "21211-bldg-37975", uro_city_code: "21211", class_code: "3001", measured_height: Some(3.096), lod1_height_type: Some(6), uro_prefecture_code: Some("21"), usage_code: None, usage: None } - 2 RangeIDs,
BldgAttribute { gml_id: "bldg_991a3458-82cc-48e0-8486-91faaf9daca5", uro_building_id: "21211-bldg-41978", uro_city_code: "21211", class_code: "3001", measured_height: Some(6.61), lod1_height_type: Some(6), uro_prefecture_code: Some("21"), usage_code: None, usage: None } - 19 RangeIDs,
BldgAttribute { gml_id: "bldg_99c5e304-c390-4d54-a77d-4dff5862af41", uro_building_id: "21211-bldg-65257", uro_city_code: "21211", class_code: "3003", measured_height: Some(2.686), lod1_height_type: Some(6), uro_prefecture_code: Some("21"), usage_code: None, usage: None } - 3 RangeIDs,
BldgAttribute { gml_id: "bldg_9abc1f60-610b-4917-b962-06cf269f35f7", uro_building_id: "21211-bldg-67175", uro_city_code: "21211", class_code: "3003", measured_height: Some(3.214), lod1_height_type: Some(6), uro_prefecture_code: Some("21"), usage_code: None, usage: None } - 6 RangeIDs,
BldgAttribute { gml_id: "bldg_9ac01457-04d9-4fd2-8949-eb9a2a77db98", uro_building_id: "21211-bldg-67086", uro_city_code: "21211", class_code: "3003", measured_height: Some(3.213), lod1_height_type: Some(6), uro_prefecture_code: Some("21"), usage_code: None, usage: None } - 6 RangeIDs,
BldgAttribute { gml_id: "bldg_9d111c54-8587-4e65-b882-7176addb283c", uro_building_id: "21211-bldg-42464", uro_city_code: "21211", class_code: "3001", measured_height: Some(4.424), lod1_height_type: Some(6), uro_prefecture_code: Some("21"), usage_code: None, usage: None } - 19 RangeIDs,
BldgAttribute { gml_id: "bldg_9d7090cc-2ad5-43b4-9bdd-c91e500b52bb", uro_building_id: "21211-bldg-65258", uro_city_code: "21211", class_code: "3003", measured_height: Some(4.111), lod1_height_type: Some(6), uro_prefecture_code: Some("21"), usage_code: None, usage: None } - 6 RangeIDs,
BldgAttribute { gml_id: "bldg_9e36ca28-54f8-4d62-80b2-24797a4f1521", uro_building_id: "21211-bldg-67060", uro_city_code: "21211", class_code: "3003", measured_height: Some(2.649), lod1_height_type: Some(6), uro_prefecture_code: Some("21"), usage_code: None, usage: None } - 3 RangeIDs,
BldgAttribute { gml_id: "bldg_9ea88ba2-3392-4fda-8464-7c1c34767fb6", uro_building_id: "21211-bldg-42459", uro_city_code: "21211", class_code: "3001", measured_height: Some(7.447), lod1_height_type: Some(6), uro_prefecture_code: Some("21"), usage_code: None, usage: None } - 16 RangeIDs,
BldgAttribute { gml_id: "bldg_9eeffde0-5890-4878-86ea-0983fac65cfa", uro_building_id: "21211-bldg-67178", uro_city_code: "21211", class_code: "3003", measured_height: Some(2.941), lod1_height_type: Some(6), uro_prefecture_code: Some("21"), usage_code: None, usage: None } - 5 RangeIDs,
BldgAttribute { gml_id: "bldg_a0e27de9-c8fa-48d8-b8ee-1d2100004cae", uro_building_id: "21211-bldg-42440", uro_city_code: "21211", class_code: "3001", measured_height: Some(3.039), lod1_height_type: Some(6), uro_prefecture_code: Some("21"), usage_code: None, usage: None } - 2 RangeIDs,
BldgAttribute { gml_id: "bldg_a1676dab-4d2d-4e6b-afb6-1e59b3a9715e", uro_building_id: "21211-bldg-65261", uro_city_code: "21211", class_code: "3003", measured_height: Some(1.997), lod1_height_type: Some(6), uro_prefecture_code: Some("21"), usage_code: None, usage: None } - 4 RangeIDs,
BldgAttribute { gml_id: "bldg_a270ccc3-8232-450b-ac13-0d895f9fd99f", uro_building_id: "21211-bldg-41958", uro_city_code: "21211", class_code: "3001", measured_height: Some(3.213), lod1_height_type: Some(6), uro_prefecture_code: Some("21"), usage_code: None, usage: None } - 7 RangeIDs,
BldgAttribute { gml_id: "bldg_a35c2c16-ce7a-43ec-8334-2e0f02f361c1", uro_building_id: "21211-bldg-42450", uro_city_code: "21211", class_code: "3001", measured_height: Some(2.497), lod1_height_type: Some(6), uro_prefecture_code: Some("21"), usage_code: None, usage: None } - 4 RangeIDs,
BldgAttribute { gml_id: "bldg_a436b289-c3a6-4401-a702-fd62347d1d1a", uro_building_id: "21211-bldg-41976", uro_city_code: "21211", class_code: "3001", measured_height: Some(7.007), lod1_height_type: Some(6), uro_prefecture_code: Some("21"), usage_code: None, usage: None } - 23 RangeIDs,
BldgAttribute { gml_id: "bldg_a4fcd322-1aa8-499d-9d67-0cae98bdd2fa", uro_building_id: "21211-bldg-38025", uro_city_code: "21211", class_code: "3001", measured_height: Some(2.711), lod1_height_type: Some(6), uro_prefecture_code: Some("21"), usage_code: None, usage: None } - 18 RangeIDs,
BldgAttribute { gml_id: "bldg_a55328ad-87a1-4434-827b-6ce3adb1a687", uro_building_id: "21211-bldg-37959", uro_city_code: "21211", class_code: "3001", measured_height: Some(7.115), lod1_height_type: Some(6), uro_prefecture_code: Some("21"), usage_code: None, usage: None } - 21 RangeIDs,
BldgAttribute { gml_id: "bldg_a558aed9-5647-4977-8027-90c0ddd77a95", uro_building_id: "21211-bldg-67067", uro_city_code: "21211", class_code: "3003", measured_height: Some(3.07), lod1_height_type: Some(6), uro_prefecture_code: Some("21"), usage_code: None, usage: None } - 6 RangeIDs,
BldgAttribute { gml_id: "bldg_a55c44eb-9fbd-4902-a73f-26b76fce4770", uro_building_id: "21211-bldg-42025", uro_city_code: "21211", class_code: "3001", measured_height: Some(2.76), lod1_height_type: Some(6), uro_prefecture_code: Some("21"), usage_code: None, usage: None } - 3 RangeIDs,
BldgAttribute { gml_id: "bldg_a8994fa8-e300-4b6d-b144-5df2413bdfd1", uro_building_id: "21211-bldg-65240", uro_city_code: "21211", class_code: "3003", measured_height: Some(3.223), lod1_height_type: Some(6), uro_prefecture_code: Some("21"), usage_code: None, usage: None } - 15 RangeIDs,
BldgAttribute { gml_id: "bldg_a8a37484-d9d3-4401-91b4-6e75680dd759", uro_building_id: "21211-bldg-42015", uro_city_code: "21211", class_code: "3001", measured_height: Some(2.957), lod1_height_type: Some(6), uro_prefecture_code: Some("21"), usage_code: None, usage: None } - 2 RangeIDs,
BldgAttribute { gml_id: "bldg_aa590f99-4cff-424f-86e0-2d6eecd0cd5b", uro_building_id: "21211-bldg-37981", uro_city_code: "21211", class_code: "3001", measured_height: Some(4.362), lod1_height_type: Some(6), uro_prefecture_code: Some("21"), usage_code: None, usage: None } - 13 RangeIDs,
BldgAttribute { gml_id: "bldg_ab5750a2-fe93-4c54-acc6-2d7c1db805ca", uro_building_id: "21211-bldg-38016", uro_city_code: "21211", class_code: "3001", measured_height: Some(5.58), lod1_height_type: Some(6), uro_prefecture_code: Some("21"), usage_code: None, usage: None } - 24 RangeIDs,
BldgAttribute { gml_id: "bldg_ac859e10-e3b5-4d47-b3b5-ef201b294348", uro_building_id: "21211-bldg-42382", uro_city_code: "21211", class_code: "3001", measured_height: Some(2.527), lod1_height_type: Some(6), uro_prefecture_code: Some("21"), usage_code: None, usage: None } - 6 RangeIDs,
BldgAttribute { gml_id: "bldg_ac990422-d74a-48a1-85c9-78ca9504a6f9", uro_building_id: "21211-bldg-65263", uro_city_code: "21211", class_code: "3003", measured_height: Some(2.132), lod1_height_type: Some(6), uro_prefecture_code: Some("21"), usage_code: None, usage: None } - 6 RangeIDs,
BldgAttribute { gml_id: "bldg_adf4662f-3cfc-42b4-8e58-b2a8cb40e1e7", uro_building_id: "21211-bldg-38030", uro_city_code: "21211", class_code: "3001", measured_height: Some(2.686), lod1_height_type: Some(6), uro_prefecture_code: Some("21"), usage_code: None, usage: None } - 11 RangeIDs,
BldgAttribute { gml_id: "bldg_ae2d9166-469a-4eac-95d4-cf03c47931cf", uro_building_id: "21211-bldg-42426", uro_city_code: "21211", class_code: "3001", measured_height: Some(5.599), lod1_height_type: Some(6), uro_prefecture_code: Some("21"), usage_code: None, usage: None } - 9 RangeIDs,
BldgAttribute { gml_id: "bldg_ae768060-43e2-4f48-9aa3-da5ca0308350", uro_building_id: "21211-bldg-41986", uro_city_code: "21211", class_code: "3001", measured_height: Some(7.456), lod1_height_type: Some(6), uro_prefecture_code: Some("21"), usage_code: None, usage: None } - 13 RangeIDs,
BldgAttribute { gml_id: "bldg_aea135d7-5f77-4bf0-a7a8-e62f3b60ed2b", uro_building_id: "21211-bldg-38026", uro_city_code: "21211", class_code: "3001", measured_height: Some(5.03), lod1_height_type: Some(6), uro_prefecture_code: Some("21"), usage_code: None, usage: None } - 10 RangeIDs,
BldgAttribute { gml_id: "bldg_af42cac8-ae2e-478c-b952-c1514fc8e192", uro_building_id: "21211-bldg-67059", uro_city_code: "21211", class_code: "3003", measured_height: Some(3.211), lod1_height_type: Some(6), uro_prefecture_code: Some("21"), usage_code: None, usage: None } - 4 RangeIDs,
BldgAttribute { gml_id: "bldg_afc41168-fa17-4350-84a9-8d6d8bb838d5", uro_building_id: "21211-bldg-38014", uro_city_code: "21211", class_code: "3001", measured_height: Some(6.787), lod1_height_type: Some(6), uro_prefecture_code: Some("21"), usage_code: None, usage: None } - 13 RangeIDs,
BldgAttribute { gml_id: "bldg_b1bee87c-f93d-4825-9444-10bf26b41a95", uro_building_id: "21211-bldg-37989", uro_city_code: "21211", class_code: "3001", measured_height: Some(7.592), lod1_height_type: Some(6), uro_prefecture_code: Some("21"), usage_code: None, usage: None } - 28 RangeIDs,
BldgAttribute { gml_id: "bldg_b2663734-0abc-4280-b266-df7b260ef0bf", uro_building_id: "21211-bldg-42461", uro_city_code: "21211", class_code: "3001", measured_height: Some(3.626), lod1_height_type: Some(6), uro_prefecture_code: Some("21"), usage_code: None, usage: None } - 9 RangeIDs,
BldgAttribute { gml_id: "bldg_b43f89c2-841a-4355-858d-f775970b380f", uro_building_id: "21211-bldg-41970", uro_city_code: "21211", class_code: "3001", measured_height: Some(5.472), lod1_height_type: Some(6), uro_prefecture_code: Some("21"), usage_code: None, usage: None } - 15 RangeIDs,
BldgAttribute { gml_id: "bldg_b4b95a48-abdf-4ced-b307-d99c2b005514", uro_building_id: "21211-bldg-37956", uro_city_code: "21211", class_code: "3001", measured_height: None, lod1_height_type: Some(6), uro_prefecture_code: Some("21"), usage_code: None, usage: None } - 2 RangeIDs,
BldgAttribute { gml_id: "bldg_b89696e5-9fe1-4801-8bfa-5896a3f2b577", uro_building_id: "21211-bldg-42400", uro_city_code: "21211", class_code: "3001", measured_height: Some(5.072), lod1_height_type: Some(6), uro_prefecture_code: Some("21"), usage_code: None, usage: None } - 20 RangeIDs,
BldgAttribute { gml_id: "bldg_bb28b576-afd9-4e8d-ae09-d33775b1cad6", uro_building_id: "21211-bldg-41984", uro_city_code: "21211", class_code: "3001", measured_height: Some(7.771), lod1_height_type: Some(6), uro_prefecture_code: Some("21"), usage_code: None, usage: None } - 13 RangeIDs,
BldgAttribute { gml_id: "bldg_bd6174e3-e634-4748-81c8-01b7fd95c5ba", uro_building_id: "21211-bldg-42436", uro_city_code: "21211", class_code: "3001", measured_height: Some(5.393), lod1_height_type: Some(6), uro_prefecture_code: Some("21"), usage_code: None, usage: None } - 8 RangeIDs,
BldgAttribute { gml_id: "bldg_bf7f5d6e-2bfe-49d0-aa89-8d701e0aae73", uro_building_id: "21211-bldg-65262", uro_city_code: "21211", class_code: "3003", measured_height: Some(3.987), lod1_height_type: Some(6), uro_prefecture_code: Some("21"), usage_code: None, usage: None } - 8 RangeIDs,
BldgAttribute { gml_id: "bldg_c36bee9a-fd46-4a64-a85e-b1b48ac97b8b", uro_building_id: "21211-bldg-42396", uro_city_code: "21211", class_code: "3001", measured_height: Some(2.066), lod1_height_type: Some(6), uro_prefecture_code: Some("21"), usage_code: None, usage: None } - 2 RangeIDs,
BldgAttribute { gml_id: "bldg_c37d00cc-1202-4b0a-9544-2e577e5837f2", uro_building_id: "21211-bldg-67062", uro_city_code: "21211", class_code: "3003", measured_height: Some(3.069), lod1_height_type: Some(6), uro_prefecture_code: Some("21"), usage_code: None, usage: None } - 4 RangeIDs,
BldgAttribute { gml_id: "bldg_c412f356-09be-4922-a164-40b14de932df", uro_building_id: "21211-bldg-41987", uro_city_code: "21211", class_code: "3001", measured_height: Some(8.095), lod1_height_type: Some(6), uro_prefecture_code: Some("21"), usage_code: None, usage: None } - 15 RangeIDs,
BldgAttribute { gml_id: "bldg_c420b29d-d96e-4c4c-85e6-843c82238fbe", uro_building_id: "21211-bldg-41985", uro_city_code: "21211", class_code: "3001", measured_height: Some(7.377), lod1_height_type: Some(6), uro_prefecture_code: Some("21"), usage_code: None, usage: None } - 13 RangeIDs,
BldgAttribute { gml_id: "bldg_c4f8169c-b73a-48ad-b912-032d43482cf4", uro_building_id: "21211-bldg-67195", uro_city_code: "21211", class_code: "3003", measured_height: Some(1.838), lod1_height_type: Some(6), uro_prefecture_code: Some("21"), usage_code: None, usage: None } - 0 RangeIDs,
BldgAttribute { gml_id: "bldg_c715f969-73a0-4878-8e9e-fa53bf90cbdf", uro_building_id: "21211-bldg-37996", uro_city_code: "21211", class_code: "3001", measured_height: Some(6.613), lod1_height_type: Some(6), uro_prefecture_code: Some("21"), usage_code: None, usage: None } - 13 RangeIDs,
BldgAttribute { gml_id: "bldg_c7ec3dc0-2b45-4a89-8b85-3d0811eb0ea7", uro_building_id: "21211-bldg-42428", uro_city_code: "21211", class_code: "3001", measured_height: None, lod1_height_type: Some(6), uro_prefecture_code: Some("21"), usage_code: None, usage: None } - 4 RangeIDs,
BldgAttribute { gml_id: "bldg_ca790519-bd49-4cd2-812e-f29be04d2125", uro_building_id: "21211-bldg-67075", uro_city_code: "21211", class_code: "3003", measured_height: Some(2.852), lod1_height_type: Some(6), uro_prefecture_code: Some("21"), usage_code: None, usage: None } - 4 RangeIDs,
BldgAttribute { gml_id: "bldg_cb61ffae-f77e-4a91-ad52-575b90132997", uro_building_id: "21211-bldg-42386", uro_city_code: "21211", class_code: "3001", measured_height: Some(2.53), lod1_height_type: Some(6), uro_prefecture_code: Some("21"), usage_code: None, usage: None } - 2 RangeIDs,
BldgAttribute { gml_id: "bldg_cbbafb27-0fed-464f-87d6-2d61d6cf9d30", uro_building_id: "21211-bldg-42397", uro_city_code: "21211", class_code: "3001", measured_height: Some(8.334), lod1_height_type: Some(6), uro_prefecture_code: Some("21"), usage_code: None, usage: None } - 21 RangeIDs,
BldgAttribute { gml_id: "bldg_cd5ba194-f638-40f0-8af1-817dfc046f63", uro_building_id: "21211-bldg-42455", uro_city_code: "21211", class_code: "3001", measured_height: Some(3.488), lod1_height_type: Some(6), uro_prefecture_code: Some("21"), usage_code: None, usage: None } - 11 RangeIDs,
BldgAttribute { gml_id: "bldg_cd8f0992-9db5-4ad1-b0c1-debe36ac94a9", uro_building_id: "21211-bldg-42390", uro_city_code: "21211", class_code: "3001", measured_height: Some(2.17), lod1_height_type: Some(6), uro_prefecture_code: Some("21"), usage_code: None, usage: None } - 4 RangeIDs,
BldgAttribute { gml_id: "bldg_ce4e4042-39d0-41a6-8bef-9b41c482ed3b", uro_building_id: "21211-bldg-65229", uro_city_code: "21211", class_code: "3003", measured_height: Some(2.351), lod1_height_type: Some(6), uro_prefecture_code: Some("21"), usage_code: None, usage: None } - 4 RangeIDs,
BldgAttribute { gml_id: "bldg_cfa270ce-aa63-4783-83b5-a11153143c12", uro_building_id: "21211-bldg-65247", uro_city_code: "21211", class_code: "3003", measured_height: Some(2.408), lod1_height_type: Some(6), uro_prefecture_code: Some("21"), usage_code: None, usage: None } - 15 RangeIDs,
BldgAttribute { gml_id: "bldg_d3d39202-47cf-4b28-ba9a-5ebd5a308e82", uro_building_id: "21211-bldg-67081", uro_city_code: "21211", class_code: "3003", measured_height: Some(3.352), lod1_height_type: Some(6), uro_prefecture_code: Some("21"), usage_code: None, usage: None } - 4 RangeIDs,
BldgAttribute { gml_id: "bldg_d5148264-908a-446f-a394-3bba69fc99b3", uro_building_id: "21211-bldg-65249", uro_city_code: "21211", class_code: "3003", measured_height: Some(2.358), lod1_height_type: Some(6), uro_prefecture_code: Some("21"), usage_code: None, usage: None } - 3 RangeIDs,
BldgAttribute { gml_id: "bldg_d725f76d-b23a-4187-9e30-a013f4ab9af5", uro_building_id: "21211-bldg-38015", uro_city_code: "21211", class_code: "3001", measured_height: Some(4.288), lod1_height_type: Some(6), uro_prefecture_code: Some("21"), usage_code: None, usage: None } - 12 RangeIDs,
BldgAttribute { gml_id: "bldg_da61d313-3067-4e87-b03c-1a0c2034fa02", uro_building_id: "21211-bldg-65253", uro_city_code: "21211", class_code: "3003", measured_height: Some(2.944), lod1_height_type: Some(6), uro_prefecture_code: Some("21"), usage_code: None, usage: None } - 4 RangeIDs,
BldgAttribute { gml_id: "bldg_dae3bd13-01fe-4429-b60a-9b478510a971", uro_building_id: "21211-bldg-38028", uro_city_code: "21211", class_code: "3001", measured_height: Some(6.438), lod1_height_type: Some(6), uro_prefecture_code: Some("21"), usage_code: None, usage: None } - 7 RangeIDs,
BldgAttribute { gml_id: "bldg_db16a659-cfc1-4248-bb14-0cc461ec56cf", uro_building_id: "21211-bldg-41988", uro_city_code: "21211", class_code: "3001", measured_height: Some(3.152), lod1_height_type: Some(6), uro_prefecture_code: Some("21"), usage_code: None, usage: None } - 9 RangeIDs,
BldgAttribute { gml_id: "bldg_db324c58-dc9f-44d0-8998-e0ce1c23bb8c", uro_building_id: "21211-bldg-67080", uro_city_code: "21211", class_code: "3003", measured_height: Some(2.756), lod1_height_type: Some(6), uro_prefecture_code: Some("21"), usage_code: None, usage: None } - 0 RangeIDs,
BldgAttribute { gml_id: "bldg_dba6986f-ad75-42a6-9636-b72c0a049fb1", uro_building_id: "21211-bldg-42391", uro_city_code: "21211", class_code: "3001", measured_height: Some(4.359), lod1_height_type: Some(6), uro_prefecture_code: Some("21"), usage_code: None, usage: None } - 15 RangeIDs,
BldgAttribute { gml_id: "bldg_dbcc074b-a71b-4c82-8d7f-222a17bea97f", uro_building_id: "21211-bldg-65251", uro_city_code: "21211", class_code: "3003", measured_height: Some(1.581), lod1_height_type: Some(6), uro_prefecture_code: Some("21"), usage_code: None, usage: None } - 4 RangeIDs,
BldgAttribute { gml_id: "bldg_dc296faa-1430-4d5f-b6e8-fc03def7aae8", uro_building_id: "21211-bldg-42028", uro_city_code: "21211", class_code: "3001", measured_height: Some(7.905), lod1_height_type: Some(6), uro_prefecture_code: Some("21"), usage_code: None, usage: None } - 30 RangeIDs,
BldgAttribute { gml_id: "bldg_e0a14b4a-e89a-4794-8889-f5d6ec69eb29", uro_building_id: "21211-bldg-41979", uro_city_code: "21211", class_code: "3001", measured_height: Some(3.733), lod1_height_type: Some(6), uro_prefecture_code: Some("21"), usage_code: None, usage: None } - 13 RangeIDs,
BldgAttribute { gml_id: "bldg_e0a37a53-eb97-48f7-8b24-db7da786d471", uro_building_id: "21211-bldg-67174", uro_city_code: "21211", class_code: "3003", measured_height: Some(3.731), lod1_height_type: Some(6), uro_prefecture_code: Some("21"), usage_code: None, usage: None } - 16 RangeIDs,
BldgAttribute { gml_id: "bldg_e190e392-3d0a-4812-8e08-1091e386ba5a", uro_building_id: "21211-bldg-38005", uro_city_code: "21211", class_code: "3001", measured_height: Some(4.59), lod1_height_type: Some(6), uro_prefecture_code: Some("21"), usage_code: None, usage: None } - 11 RangeIDs,
BldgAttribute { gml_id: "bldg_e3ef7a2e-f9b1-4a31-a512-8be9f7489480", uro_building_id: "21211-bldg-67092", uro_city_code: "21211", class_code: "3003", measured_height: Some(8.755), lod1_height_type: Some(6), uro_prefecture_code: Some("21"), usage_code: None, usage: None } - 4 RangeIDs,
BldgAttribute { gml_id: "bldg_e45abf7a-e5ae-4736-91d0-ab6173177c5f", uro_building_id: "21211-bldg-42429", uro_city_code: "21211", class_code: "3001", measured_height: Some(7.859), lod1_height_type: Some(6), uro_prefecture_code: Some("21"), usage_code: None, usage: None } - 31 RangeIDs,
BldgAttribute { gml_id: "bldg_e7e3d198-4e58-4c12-bb78-56895c848873", uro_building_id: "21211-bldg-65250", uro_city_code: "21211", class_code: "3003", measured_height: Some(2.941), lod1_height_type: Some(6), uro_prefecture_code: Some("21"), usage_code: None, usage: None } - 7 RangeIDs,
BldgAttribute { gml_id: "bldg_e801f152-38ec-4e1e-a123-141a2aa22373", uro_building_id: "21211-bldg-42023", uro_city_code: "21211", class_code: "3001", measured_height: Some(2.867), lod1_height_type: Some(6), uro_prefecture_code: Some("21"), usage_code: None, usage: None } - 7 RangeIDs,
BldgAttribute { gml_id: "bldg_e81b212a-7537-496f-8d8f-5bf11675a458", uro_building_id: "21211-bldg-37994", uro_city_code: "21211", class_code: "3001", measured_height: Some(8.489), lod1_height_type: Some(6), uro_prefecture_code: Some("21"), usage_code: None, usage: None } - 18 RangeIDs,
BldgAttribute { gml_id: "bldg_e9a2907c-dde1-4df0-920d-659a54fb94b4", uro_building_id: "21211-bldg-38020", uro_city_code: "21211", class_code: "3001", measured_height: Some(2.711), lod1_height_type: Some(6), uro_prefecture_code: Some("21"), usage_code: None, usage: None } - 11 RangeIDs,
BldgAttribute { gml_id: "bldg_e9ce9adf-1fe6-4d45-85d7-21bd64ecbadd", uro_building_id: "21211-bldg-65200", uro_city_code: "21211", class_code: "3003", measured_height: Some(2.416), lod1_height_type: Some(6), uro_prefecture_code: Some("21"), usage_code: None, usage: None } - 4 RangeIDs,
BldgAttribute { gml_id: "bldg_eb31ede2-4cf6-40bb-b783-d0ca7815a41b", uro_building_id: "21211-bldg-42457", uro_city_code: "21211", class_code: "3001", measured_height: Some(2.282), lod1_height_type: Some(6), uro_prefecture_code: Some("21"), usage_code: None, usage: None } - 4 RangeIDs,
BldgAttribute { gml_id: "bldg_ec2e540f-fc03-4700-a77f-18f9cfcb8d05", uro_building_id: "21211-bldg-42451", uro_city_code: "21211", class_code: "3001", measured_height: Some(7.709), lod1_height_type: Some(6), uro_prefecture_code: Some("21"), usage_code: None, usage: None } - 23 RangeIDs,
BldgAttribute { gml_id: "bldg_eeae4ae2-ceb1-4ab4-ae37-b45e745f2762", uro_building_id: "21211-bldg-42427", uro_city_code: "21211", class_code: "3001", measured_height: None, lod1_height_type: Some(6), uro_prefecture_code: Some("21"), usage_code: None, usage: None } - 2 RangeIDs,
BldgAttribute { gml_id: "bldg_f13f4e6a-3e3e-4aae-b9c1-6d5d8e8c9a02", uro_building_id: "21211-bldg-67087", uro_city_code: "21211", class_code: "3003", measured_height: Some(6.582), lod1_height_type: Some(6), uro_prefecture_code: Some("21"), usage_code: None, usage: None } - 21 RangeIDs,
BldgAttribute { gml_id: "bldg_f14e7321-e367-4024-a40e-1a03095c6f94", uro_building_id: "21211-bldg-37951", uro_city_code: "21211", class_code: "3001", measured_height: Some(7.327), lod1_height_type: Some(6), uro_prefecture_code: Some("21"), usage_code: None, usage: None } - 25 RangeIDs,
BldgAttribute { gml_id: "bldg_f2a65d2a-eb1f-4f5c-bf2b-ae5290daa9fc", uro_building_id: "21211-bldg-38027", uro_city_code: "21211", class_code: "3001", measured_height: Some(3.748), lod1_height_type: Some(6), uro_prefecture_code: Some("21"), usage_code: None, usage: None } - 9 RangeIDs,
BldgAttribute { gml_id: "bldg_f31843dc-beca-4b87-87fb-4a806358c82a", uro_building_id: "21211-bldg-67061", uro_city_code: "21211", class_code: "3003", measured_height: Some(2.469), lod1_height_type: Some(6), uro_prefecture_code: Some("21"), usage_code: None, usage: None } - 3 RangeIDs,
BldgAttribute { gml_id: "bldg_f4258217-0b9e-46a7-a8a7-6789e220bef4", uro_building_id: "21211-bldg-42393", uro_city_code: "21211", class_code: "3001", measured_height: Some(4.028), lod1_height_type: Some(6), uro_prefecture_code: Some("21"), usage_code: None, usage: None } - 8 RangeIDs,
BldgAttribute { gml_id: "bldg_f7f5b79e-87ba-4d8f-a342-4c3cc854b940", uro_building_id: "21211-bldg-42398", uro_city_code: "21211", class_code: "3001", measured_height: Some(7.963), lod1_height_type: Some(6), uro_prefecture_code: Some("21"), usage_code: None, usage: None } - 14 RangeIDs,
BldgAttribute { gml_id: "bldg_fac1723f-5d06-4fb1-b2da-7eb0435e8d89", uro_building_id: "21211-bldg-41957", uro_city_code: "21211", class_code: "3001", measured_height: Some(2.414), lod1_height_type: Some(6), uro_prefecture_code: Some("21"), usage_code: None, usage: None } - 0 RangeIDs,
BldgAttribute { gml_id: "bldg_fc13d670-c5b4-4c97-8562-28e08c4a856c", uro_building_id: "21211-bldg-42437", uro_city_code: "21211", class_code: "3001", measured_height: Some(9.657), lod1_height_type: Some(6), uro_prefecture_code: Some("21"), usage_code: None, usage: None } - 51 RangeIDs,
BldgAttribute { gml_id: "bldg_fca0be90-3adc-4e66-9689-2b9ad111b413", uro_building_id: "21211-bldg-65132", uro_city_code: "21211", class_code: "3003", measured_height: Some(2.771), lod1_height_type: Some(6), uro_prefecture_code: Some("21"), usage_code: None, usage: None } - 3 RangeIDs,
BldgAttribute { gml_id: "bldg_fceae6b7-bd2a-4efd-803a-c23e62bf5dd3", uro_building_id: "21211-bldg-41989", uro_city_code: "21211", class_code: "3001", measured_height: Some(2.559), lod1_height_type: Some(6), uro_prefecture_code: Some("21"), usage_code: None, usage: None } - 0 RangeIDs,
BldgAttribute { gml_id: "bldg_fd263a83-ed36-437c-b611-554513602dd1", uro_building_id: "21211-bldg-42444", uro_city_code: "21211", class_code: "3001", measured_height: Some(3.704), lod1_height_type: Some(6), uro_prefecture_code: Some("21"), usage_code: None, usage: None } - 4 RangeIDs,
BldgAttribute { gml_id: "bldg_fffbd751-6fd8-4474-9e9c-dd1d42214316", uro_building_id: "21211-bldg-65248", uro_city_code: "21211", class_code: "3003", measured_height: Some(2.408), lod1_height_type: Some(6), uro_prefecture_code: Some("21"), usage_code: None, usage: None } - 15 RangeIDs
