---
source: tests/plateau/tran.rs
expression: output
input_file: sample/plateau/tran/52384698_tran_6697_op.gml
---
TranAttribute { gml_id: "", class: None, function: None, usage: None } - 0 IDs,
TranAttribute { gml_id: "ATR_07f18e19-3ea3-485d-b3b2-ac1d9654da9a", class: None, function: Some(Other("1100")), usage: None } - 10 IDs,
TranAttribute { gml_id: "ATR_8f9adc34-1f6d-4f77-993b-40cde31fb388", class: None, function: Some(Other("1100")), usage: None } - 17 IDs,
TranAttribute { gml_id: "ATR_c387ea86-11ae-49dd-a0af-41896852bc60", class: None, function: Some(Other("1100")), usage: None } - 175 IDs,
TranAttribute { gml_id: "ATR_d44ffaa5-7fc0-4292-bf7c-eb0832079bcf", class: None, function: Some(Other("1100")), usage: None } - 200 IDs,
TranAttribute { gml_id: "ATR_d9b2d0e8-7af5-4967-9395-39a78c1a0233", class: None, function: Some(Other("1100")), usage: None } - 96 IDs,
TranAttribute { gml_id: "ATR_dcd36095-ab1b-41ae-b764-5dc1e0e00eb9", class: None, function: Some(Other("1100")), usage: None } - 271 IDs,
TranAttribute { gml_id: "ATR_e395dca8-469f-489d-96b3-266dbba08653", class: None, function: Some(Other("1100")), usage: None } - 14 IDs,
TranAttribute { gml_id: "ATR_e99570ee-afaf-4f84-95e8-207c0d54dc9a", class: None, function: Some(Other("1100")), usage: None } - 24 IDs,
TranAttribute { gml_id: "tran_004c2c67-3fc3-43c4-a6d6-823942677b07", class: None, function: Some(Other("2020")), usage: None } - 180 IDs,
TranAttribute { gml_id: "tran_01998693-e003-4c54-b01c-11d728380bf1", class: None, function: None, usage: None } - 111 IDs,
TranAttribute { gml_id: "tran_03c5ccc4-05b4-422b-8380-864497d12c69", class: None, function: None, usage: None } - 13 IDs,
TranAttribute { gml_id: "tran_03f448f3-528a-4464-81c5-191b82819e99", class: None, function: None, usage: None } - 36 IDs,
TranAttribute { gml_id: "tran_04729762-3638-4e2c-aec0-b37f2f8b4a21", class: None, function: None, usage: None } - 45 IDs,
TranAttribute { gml_id: "tran_050a4dbc-a0cb-40f7-9a34-cae3f762661e", class: None, function: None, usage: None } - 45 IDs,
TranAttribute { gml_id: "tran_06860c5b-d562-4b4f-baab-13b828e56c02", class: None, function: None, usage: None } - 76 IDs,
TranAttribute { gml_id: "tran_074fcdbe-ab2e-4943-aabd-a160936db40a", class: None, function: None, usage: None } - 124 IDs,
TranAttribute { gml_id: "tran_07f092b1-adb4-47cd-a4b4-bbffb98d11f6", class: None, function: Some(Other("3")), usage: None } - 72 IDs,
TranAttribute { gml_id: "tran_0814d7df-d01a-4c72-84af-c9763f24a190", class: None, function: None, usage: None } - 70 IDs,
TranAttribute { gml_id: "tran_0838631d-7d27-484b-8ff0-9ecb2f9d5feb", class: None, function: None, usage: None } - 12 IDs,
TranAttribute { gml_id: "tran_0845ac35-da54-4620-9c35-98638eef1415", class: None, function: None, usage: None } - 80 IDs,
TranAttribute { gml_id: "tran_09f03a4b-cf36-440d-a9ae-eb54f4a10f40", class: None, function: Some(Other("2020")), usage: None } - 15 IDs,
TranAttribute { gml_id: "tran_0a305d00-ec87-414a-86fd-9e0a94efae26", class: None, function: None, usage: None } - 30 IDs,
TranAttribute { gml_id: "tran_0ac55088-1389-4e29-8a14-6b3964a3223c", class: None, function: None, usage: None } - 116 IDs,
TranAttribute { gml_id: "tran_0ade2135-c6f4-49ba-a870-3ea0d0c05515", class: None, function: None, usage: None } - 151 IDs,
TranAttribute { gml_id: "tran_0b40ff8d-b8c1-4ec7-818b-61ac47499a66", class: None, function: None, usage: None } - 31 IDs,
TranAttribute { gml_id: "tran_0bcb84bf-6e7d-460e-a555-5beeae69dacf", class: None, function: None, usage: None } - 52 IDs,
TranAttribute { gml_id: "tran_0beb250f-2e8b-42a6-a82c-7330cf3035d9", class: None, function: None, usage: None } - 7 IDs,
TranAttribute { gml_id: "tran_0c38bee8-91f5-4f43-9180-c18cb5cf17c9", class: None, function: None, usage: None } - 68 IDs,
TranAttribute { gml_id: "tran_0d1e7537-0eaf-4a6a-814f-c8b682ec1fcc", class: None, function: None, usage: None } - 23 IDs,
TranAttribute { gml_id: "tran_0d28d33c-b265-4aa3-a8aa-991ac762e1d2", class: None, function: None, usage: None } - 14 IDs,
TranAttribute { gml_id: "tran_0e018a2f-0b90-4479-9547-36c11b2e5712", class: None, function: None, usage: None } - 13 IDs,
TranAttribute { gml_id: "tran_0e986ceb-4bee-4fb4-8981-3b86f89cccf6", class: None, function: None, usage: None } - 10 IDs,
TranAttribute { gml_id: "tran_106d50b8-245a-4161-acb3-8ba2990f54c5", class: None, function: None, usage: None } - 89 IDs,
TranAttribute { gml_id: "tran_10afcd83-3f85-4a61-964e-f4983121e428", class: None, function: None, usage: None } - 96 IDs,
TranAttribute { gml_id: "tran_118a54d9-fd50-49a5-958a-b7a30dfb0bec", class: None, function: None, usage: None } - 260 IDs,
TranAttribute { gml_id: "tran_11dbb438-b892-4f98-8684-a6dc0f5bb9d1", class: None, function: None, usage: None } - 274 IDs,
TranAttribute { gml_id: "tran_12182948-cd4f-4f18-bd94-eebf71e008c2", class: None, function: Some(Other("2020")), usage: None } - 4 IDs,
TranAttribute { gml_id: "tran_12a4af1d-4d8b-45bb-8e27-bc6932533b20", class: None, function: None, usage: None } - 12 IDs,
TranAttribute { gml_id: "tran_13263601-a121-4a98-9489-32994c491417", class: None, function: None, usage: None } - 10 IDs,
TranAttribute { gml_id: "tran_13cd17c2-30eb-430c-bd6c-228d5c977e4b", class: None, function: None, usage: None } - 14 IDs,
TranAttribute { gml_id: "tran_156ee67f-e680-4ee2-9b73-ec9890adde7d", class: None, function: None, usage: None } - 98 IDs,
TranAttribute { gml_id: "tran_18df11c5-55f3-46a1-926c-a6f02b1ed1a1", class: None, function: None, usage: None } - 83 IDs,
TranAttribute { gml_id: "tran_19e27cf6-28f0-4556-a01b-5c863d3f4d6f", class: None, function: None, usage: None } - 10 IDs,
TranAttribute { gml_id: "tran_1a1cb371-a4c2-44af-a1c4-ca37b7d1aabc", class: None, function: None, usage: None } - 18 IDs,
TranAttribute { gml_id: "tran_1a44ddfc-4d42-455f-ad10-bd678734e240", class: None, function: None, usage: None } - 10 IDs,
TranAttribute { gml_id: "tran_1ab7ae74-6920-4a0b-9c95-390eb7bbd657", class: None, function: None, usage: None } - 136 IDs,
TranAttribute { gml_id: "tran_1b64b876-6bbc-4630-98b4-d658d76893a4", class: None, function: None, usage: None } - 112 IDs,
TranAttribute { gml_id: "tran_1bc697cc-af10-4704-aacd-a2f2ae666518", class: None, function: None, usage: None } - 18 IDs,
TranAttribute { gml_id: "tran_1bedc5d0-1a63-4caa-a682-50fbb223104b", class: None, function: None, usage: None } - 76 IDs,
TranAttribute { gml_id: "tran_1d41e9e4-fdab-4a5e-a65f-cfb6be75b030", class: None, function: None, usage: None } - 84 IDs,
TranAttribute { gml_id: "tran_1eedfc64-edb6-4834-92f8-d5dadaea8e3b", class: None, function: None, usage: None } - 13 IDs,
TranAttribute { gml_id: "tran_1fc89a1d-604e-439d-9346-731a8126db27", class: None, function: None, usage: None } - 119 IDs,
TranAttribute { gml_id: "tran_2041a59e-3902-4248-a072-a230b73b68ea", class: None, function: None, usage: None } - 96 IDs,
TranAttribute { gml_id: "tran_20c75c45-bf7c-40d3-a6cc-e8b10d7a35fa", class: None, function: None, usage: None } - 38 IDs,
TranAttribute { gml_id: "tran_22c2ef24-e60b-4206-97d0-5df478df34d7", class: None, function: None, usage: None } - 52 IDs,
TranAttribute { gml_id: "tran_2341b047-cb0e-4f13-b5d2-842544544291", class: None, function: None, usage: None } - 12 IDs,
TranAttribute { gml_id: "tran_25590aae-152e-4c57-8b00-d9e26b8326bc", class: None, function: None, usage: None } - 328 IDs,
TranAttribute { gml_id: "tran_25ce5f55-df08-4cae-b5cb-ce9cb0f4f295", class: None, function: None, usage: None } - 11 IDs,
TranAttribute { gml_id: "tran_26c1a40f-b209-40ed-939a-a9de9f206f17", class: None, function: None, usage: None } - 28 IDs,
TranAttribute { gml_id: "tran_27f3698b-47dc-4b25-b577-74f919bb088d", class: None, function: None, usage: None } - 109 IDs,
TranAttribute { gml_id: "tran_2815af70-b145-47eb-ad28-1c566afa2fd9", class: None, function: None, usage: None } - 61 IDs,
TranAttribute { gml_id: "tran_29709485-8dc5-446c-8894-64a923b01231", class: None, function: None, usage: None } - 11 IDs,
TranAttribute { gml_id: "tran_2b3759fc-0a22-4de8-b9db-121f0db7b728", class: None, function: None, usage: None } - 8 IDs,
TranAttribute { gml_id: "tran_2bb4e857-a34b-4b71-a377-9d20ba9e738c", class: None, function: None, usage: None } - 4 IDs,
TranAttribute { gml_id: "tran_2c90da21-e342-433f-ad03-b7b4e7b0ddfd", class: None, function: None, usage: None } - 10 IDs,
TranAttribute { gml_id: "tran_2d2cedb2-e618-4978-a589-09da317d5cb2", class: None, function: None, usage: None } - 142 IDs,
TranAttribute { gml_id: "tran_2d519c8d-fa8b-4818-ae44-faedf541550e", class: None, function: None, usage: None } - 231 IDs,
TranAttribute { gml_id: "tran_2d9700d7-9125-4d5a-a71c-f89c30a8c581", class: None, function: None, usage: None } - 49 IDs,
TranAttribute { gml_id: "tran_2daec9f2-57ef-40ba-bf20-e8f31c03ad2f", class: None, function: Some(Other("3")), usage: None } - 106 IDs,
TranAttribute { gml_id: "tran_2e1b8666-72c4-4e81-bee3-1d9106b8d27c", class: None, function: None, usage: None } - 47 IDs,
TranAttribute { gml_id: "tran_2efd1e06-251b-49a7-ab66-8a406fd8f2b5", class: None, function: None, usage: None } - 14 IDs,
TranAttribute { gml_id: "tran_30428f33-3c0d-461a-b404-2d751dd5d292", class: None, function: None, usage: None } - 118 IDs,
TranAttribute { gml_id: "tran_31b9f9b0-cbf1-4de0-9420-3a485e0f7d8b", class: None, function: None, usage: None } - 104 IDs,
TranAttribute { gml_id: "tran_320051b3-ebb7-4658-9bcd-0262627dc401", class: None, function: Some(Other("3")), usage: None } - 83 IDs,
TranAttribute { gml_id: "tran_33574518-3978-41fe-9cf2-62d605c21796", class: None, function: None, usage: None } - 148 IDs,
TranAttribute { gml_id: "tran_33f64170-b5a0-4072-893e-3fa9ee403724", class: None, function: None, usage: None } - 11 IDs,
TranAttribute { gml_id: "tran_3434a43b-fda3-4566-8ec9-f7b114660bb1", class: None, function: Some(Other("2020")), usage: None } - 194 IDs,
TranAttribute { gml_id: "tran_356f1a7b-8736-491b-8cb3-c05a03802728", class: None, function: None, usage: None } - 4 IDs,
TranAttribute { gml_id: "tran_35796961-990f-48d0-91a6-3a007acc7c6f", class: None, function: None, usage: None } - 77 IDs,
TranAttribute { gml_id: "tran_35df5bc7-9527-485d-9cca-557a73be662b", class: None, function: None, usage: None } - 17 IDs,
TranAttribute { gml_id: "tran_36cc6d33-bb26-4e1c-80a8-4815ed0f2d69", class: None, function: None, usage: None } - 7 IDs,
TranAttribute { gml_id: "tran_3993472b-fe13-49f8-8c52-057d176eae2d", class: None, function: None, usage: None } - 263 IDs,
TranAttribute { gml_id: "tran_3c9097c0-1bbd-47e2-9e36-194f053054bb", class: None, function: None, usage: None } - 118 IDs,
TranAttribute { gml_id: "tran_3f0ac95e-6732-441e-a0bf-352f0a7ad042", class: None, function: None, usage: None } - 744 IDs,
TranAttribute { gml_id: "tran_3f3145d3-1576-430d-9c7f-90a031944c85", class: None, function: None, usage: None } - 13 IDs,
TranAttribute { gml_id: "tran_406689d0-d826-4f41-b7ea-66b75ea538c7", class: None, function: None, usage: None } - 91 IDs,
TranAttribute { gml_id: "tran_40798938-e695-45e5-ad6f-162982091dfe", class: None, function: None, usage: None } - 490 IDs,
TranAttribute { gml_id: "tran_40a9bdea-482f-42a2-84ce-4eb419e1ebd6", class: None, function: None, usage: None } - 19 IDs,
TranAttribute { gml_id: "tran_416787bb-7377-4702-b705-5d24ec8adbbb", class: None, function: None, usage: None } - 55 IDs,
TranAttribute { gml_id: "tran_4172e5ad-eecd-4827-a7c8-c4cb1e139f3c", class: None, function: None, usage: None } - 51 IDs,
TranAttribute { gml_id: "tran_41b49672-64f3-427c-9864-32e94bf0b0e3", class: None, function: None, usage: None } - 58 IDs,
TranAttribute { gml_id: "tran_41fee119-2f3d-4903-b3f8-579c12ae151c", class: None, function: None, usage: None } - 21 IDs,
TranAttribute { gml_id: "tran_4217ea63-84dd-428f-a984-648aa0aa18f3", class: None, function: Some(Other("3")), usage: None } - 63 IDs,
TranAttribute { gml_id: "tran_43c604e6-1a64-407e-aa59-8b2274283cc6", class: None, function: None, usage: None } - 72 IDs,
TranAttribute { gml_id: "tran_440ee7ac-a7fe-4f9f-a9aa-48e22b4da12c", class: None, function: None, usage: None } - 56 IDs,
TranAttribute { gml_id: "tran_44d8056a-6d2f-43eb-ad96-10264fdb8ce3", class: None, function: None, usage: None } - 66 IDs,
TranAttribute { gml_id: "tran_47e7e0a3-85a4-42fa-82d5-f0492fa3a83b", class: None, function: None, usage: None } - 68 IDs,
TranAttribute { gml_id: "tran_48283751-e72a-40cc-8bc3-7d91dfd04840", class: None, function: None, usage: None } - 6 IDs,
TranAttribute { gml_id: "tran_4888a9d3-29ae-46a1-8038-3e90652eb644", class: None, function: None, usage: None } - 60 IDs,
TranAttribute { gml_id: "tran_48892512-058f-4792-b592-96e223024ec9", class: None, function: None, usage: None } - 33 IDs,
TranAttribute { gml_id: "tran_48acf1cf-d8b6-43c4-993f-1a16121efe47", class: None, function: None, usage: None } - 137 IDs,
TranAttribute { gml_id: "tran_490462df-2851-472a-a504-3c4c0a27737b", class: None, function: None, usage: None } - 145 IDs,
TranAttribute { gml_id: "tran_4988c0ad-67f3-45a5-8799-3017af23ff3f", class: None, function: None, usage: None } - 79 IDs,
TranAttribute { gml_id: "tran_4998afec-55f4-4d3c-9b2b-7a814a4d2cec", class: None, function: None, usage: None } - 10 IDs,
TranAttribute { gml_id: "tran_4a7f539f-9f20-497a-b672-31f40857ad42", class: None, function: None, usage: None } - 13 IDs,
TranAttribute { gml_id: "tran_4acd3d15-6ac5-46ec-ac67-9409dd00d6ad", class: None, function: None, usage: None } - 537 IDs,
TranAttribute { gml_id: "tran_4cd0bad6-922e-4b30-a646-b7922394fdf8", class: None, function: None, usage: None } - 13 IDs,
TranAttribute { gml_id: "tran_4dd8cd4b-bc60-47fc-a84e-b1bbec7de955", class: None, function: None, usage: None } - 17 IDs,
TranAttribute { gml_id: "tran_506a4037-0ecf-438a-ab2a-61cb51d41cdd", class: None, function: None, usage: None } - 65 IDs,
TranAttribute { gml_id: "tran_521806c8-6fdd-40a0-8b47-3d1c60195b20", class: None, function: None, usage: None } - 86 IDs,
TranAttribute { gml_id: "tran_53163853-bc02-436c-85c5-4006d875acb8", class: None, function: None, usage: None } - 165 IDs,
TranAttribute { gml_id: "tran_566c1ab7-1fdb-4b12-8d56-3dcbdf4d5777", class: None, function: None, usage: None } - 8 IDs,
TranAttribute { gml_id: "tran_56a2b747-757e-4dca-b225-bd71f20711de", class: None, function: None, usage: None } - 4 IDs,
TranAttribute { gml_id: "tran_57242e07-fa03-43eb-a649-1e3581c675da", class: None, function: None, usage: None } - 48 IDs,
TranAttribute { gml_id: "tran_58203e45-90ef-4b5a-8e2e-5fd1b7a45c16", class: None, function: None, usage: None } - 88 IDs,
TranAttribute { gml_id: "tran_58b68d28-a89b-459a-9f16-db8a15b33366", class: None, function: None, usage: None } - 28 IDs,
TranAttribute { gml_id: "tran_58cfe0cf-2989-4631-803b-dab28fbf8fff", class: None, function: None, usage: None } - 75 IDs,
TranAttribute { gml_id: "tran_59388ae7-3c5d-4e14-bb7b-5ebc132b6cf5", class: None, function: None, usage: None } - 65 IDs,
TranAttribute { gml_id: "tran_59647826-c674-44f6-ad92-cabd3e54c8d5", class: None, function: None, usage: None } - 228 IDs,
TranAttribute { gml_id: "tran_5a8a9c3e-d2e7-48d7-9fe8-7a5b47e427a1", class: None, function: None, usage: None } - 21 IDs,
TranAttribute { gml_id: "tran_5c90d0ab-7126-41d5-b755-7f2a6468f36a", class: None, function: None, usage: None } - 18 IDs,
TranAttribute { gml_id: "tran_5cf47afa-a832-4bbb-8795-21e2125e56fd", class: None, function: None, usage: None } - 95 IDs,
TranAttribute { gml_id: "tran_5d185256-9b72-40a7-9686-e55896e22705", class: None, function: None, usage: None } - 76 IDs,
TranAttribute { gml_id: "tran_5d39f4de-8a31-4df6-ba4c-7f41bb9c7f35", class: None, function: None, usage: None } - 86 IDs,
TranAttribute { gml_id: "tran_5e1a8af7-7474-4bed-8eb7-53230c8eedba", class: None, function: None, usage: None } - 38 IDs,
TranAttribute { gml_id: "tran_5e1fbec7-106e-4d39-a9d6-ad3b43b315e1", class: None, function: Some(Other("3")), usage: None } - 51 IDs,
TranAttribute { gml_id: "tran_5e21ea56-12c6-4924-b99f-6ef0ae03f668", class: None, function: None, usage: None } - 61 IDs,
TranAttribute { gml_id: "tran_5ff8ff51-60e2-40d1-81c3-64a74279d795", class: None, function: None, usage: None } - 15 IDs,
TranAttribute { gml_id: "tran_605ea7c9-f618-4ba5-b5e3-bb34ea3ad7c4", class: None, function: None, usage: None } - 7 IDs,
TranAttribute { gml_id: "tran_608968ef-ee07-4590-a9c5-edd0872e27ba", class: None, function: None, usage: None } - 70 IDs,
TranAttribute { gml_id: "tran_63fc0e8f-81f5-43af-825f-f7a10b1bdc6e", class: None, function: None, usage: None } - 16 IDs,
TranAttribute { gml_id: "tran_648087d2-bfbc-422c-a981-924af585b0d2", class: None, function: None, usage: None } - 178 IDs,
TranAttribute { gml_id: "tran_652ca31d-0c49-40f1-a627-a43ccebf506a", class: None, function: None, usage: None } - 65 IDs,
TranAttribute { gml_id: "tran_6770f408-38b8-4059-bd31-f2dbf9866004", class: None, function: None, usage: None } - 12 IDs,
TranAttribute { gml_id: "tran_6842b88b-d7cd-4a8e-9ef0-a182d7695632", class: None, function: Some(Other("3")), usage: None } - 116 IDs,
TranAttribute { gml_id: "tran_68d9d053-9bad-4888-a3c1-6d6c54c82889", class: None, function: None, usage: None } - 206 IDs,
TranAttribute { gml_id: "tran_6abb6966-942e-44bf-8b45-9791a40167ae", class: None, function: None, usage: None } - 85 IDs,
TranAttribute { gml_id: "tran_6b174567-b8d9-43fc-81e2-55fea52f7a30", class: None, function: None, usage: None } - 205 IDs,
TranAttribute { gml_id: "tran_6bc78ba7-8c98-475b-94f2-4436ac454003", class: None, function: Some(Other("3")), usage: None } - 19 IDs,
TranAttribute { gml_id: "tran_6cdf0194-d22e-49b7-8489-c892639da531", class: None, function: None, usage: None } - 45 IDs,
TranAttribute { gml_id: "tran_6e1f11f5-14d2-4202-a79a-8562d3b266ae", class: None, function: None, usage: None } - 69 IDs,
TranAttribute { gml_id: "tran_6ed0ff47-7737-4e1d-9e80-681c9fbae9d5", class: None, function: None, usage: None } - 9 IDs,
TranAttribute { gml_id: "tran_6fdac353-942e-496a-8701-2e5f138ab7a8", class: None, function: None, usage: None } - 4 IDs,
TranAttribute { gml_id: "tran_7212d590-166b-4662-8ec4-120e81ff3036", class: None, function: None, usage: None } - 53 IDs,
TranAttribute { gml_id: "tran_72dba5fa-4bb4-4e5d-a6d0-46e08749ea01", class: None, function: None, usage: None } - 13 IDs,
TranAttribute { gml_id: "tran_734ebb3d-eadc-4389-87a9-efbb1b524dcb", class: None, function: None, usage: None } - 384 IDs,
TranAttribute { gml_id: "tran_75db17ef-3f12-4f6c-a6ed-989fd52a5edb", class: None, function: None, usage: None } - 10 IDs,
TranAttribute { gml_id: "tran_773b2723-5b79-4039-a837-0367ad02f626", class: None, function: None, usage: None } - 681 IDs,
TranAttribute { gml_id: "tran_77b064fd-e0f2-48ab-8ecd-20875b68e8ee", class: None, function: None, usage: None } - 34 IDs,
TranAttribute { gml_id: "tran_78621d73-d4ff-4e85-a942-c976221cb398", class: None, function: None, usage: None } - 70 IDs,
TranAttribute { gml_id: "tran_7877ad6e-5361-46b1-8e02-047ed27a9c3d", class: None, function: None, usage: None } - 83 IDs,
TranAttribute { gml_id: "tran_7974eb81-71ed-4f31-b70e-22aa2675b53b", class: None, function: None, usage: None } - 134 IDs,
TranAttribute { gml_id: "tran_7a95c56c-2f17-48d8-b960-c0cafad172dc", class: None, function: None, usage: None } - 92 IDs,
TranAttribute { gml_id: "tran_7b8d6514-bfec-40e6-887e-70f06e3115ec", class: None, function: None, usage: None } - 65 IDs,
TranAttribute { gml_id: "tran_7bdcf272-c0c6-4cf4-8bde-af3839508254", class: None, function: None, usage: None } - 41 IDs,
TranAttribute { gml_id: "tran_7ce02c73-a9d6-440c-a2a5-d47b8db3b7f9", class: None, function: None, usage: None } - 67 IDs,
TranAttribute { gml_id: "tran_7dc61a1f-df2b-4f64-a0ef-641cd99a369d", class: None, function: None, usage: None } - 8 IDs,
TranAttribute { gml_id: "tran_80ec2f83-41db-4156-976d-65349f5dbaac", class: None, function: None, usage: None } - 30 IDs,
TranAttribute { gml_id: "tran_811b422c-5375-4f5f-8e74-d3c2138dd2c7", class: None, function: None, usage: None } - 83 IDs,
TranAttribute { gml_id: "tran_82ea1e76-de08-4cb1-8ebd-f3c842eec219", class: None, function: None, usage: None } - 16 IDs,
TranAttribute { gml_id: "tran_856840c0-e5cd-42a9-acbd-3e2e421a9b13", class: None, function: None, usage: None } - 11 IDs,
TranAttribute { gml_id: "tran_85e7b6bb-4065-4ab0-a757-6f2bdad4371c", class: None, function: None, usage: None } - 6 IDs,
TranAttribute { gml_id: "tran_860f94df-c75c-4188-b737-171bae708a02", class: None, function: None, usage: None } - 25 IDs,
TranAttribute { gml_id: "tran_862ccc4c-2e8e-46f0-914d-9d6f67dcfcd5", class: None, function: None, usage: None } - 95 IDs,
TranAttribute { gml_id: "tran_864bb8e1-e867-4caf-8684-0446c14cbda5", class: None, function: None, usage: None } - 16 IDs,
TranAttribute { gml_id: "tran_8771c1bd-1a18-4180-9e8e-f9384f1fc1a4", class: None, function: None, usage: None } - 63 IDs,
TranAttribute { gml_id: "tran_8772066f-c959-4549-b2d5-9957738691c9", class: None, function: None, usage: None } - 16 IDs,
TranAttribute { gml_id: "tran_88f4a43b-96a0-4297-b3e8-f57afd102fc5", class: None, function: None, usage: None } - 13 IDs,
TranAttribute { gml_id: "tran_89b325f5-401a-4591-8dbe-20b7063c5ca2", class: None, function: None, usage: None } - 73 IDs,
TranAttribute { gml_id: "tran_8a1175b2-1071-4436-bc39-46a4b9c5d5d4", class: None, function: None, usage: None } - 4 IDs,
TranAttribute { gml_id: "tran_8ba5965d-a7d4-4284-8b7f-9dd2d91ae4be", class: None, function: None, usage: None } - 9 IDs,
TranAttribute { gml_id: "tran_8bba2ab6-05da-4f7e-8911-a19b838717e7", class: None, function: Some(Other("3")), usage: None } - 74 IDs,
TranAttribute { gml_id: "tran_8c70c895-a5fc-443e-82a5-887b23230a61", class: None, function: None, usage: None } - 120 IDs,
TranAttribute { gml_id: "tran_8df78f07-c30a-4ffb-8de5-3a2d75e8553c", class: None, function: None, usage: None } - 16 IDs,
TranAttribute { gml_id: "tran_8e82a5c3-5c6e-47d4-9128-9f11f3129852", class: None, function: None, usage: None } - 37 IDs,
TranAttribute { gml_id: "tran_8eda981d-a012-4c36-8991-28ad9f546577", class: None, function: None, usage: None } - 38 IDs,
TranAttribute { gml_id: "tran_8efd1bd8-2ae8-40d7-a8eb-07dab394bb06", class: None, function: None, usage: None } - 71 IDs,
TranAttribute { gml_id: "tran_90d148eb-6c8a-4787-a665-28124e8ab89e", class: None, function: None, usage: None } - 18 IDs,
TranAttribute { gml_id: "tran_918cdd06-261b-4835-9750-9d92501bd991", class: None, function: None, usage: None } - 13 IDs,
TranAttribute { gml_id: "tran_91b38971-c04f-4cfd-8d04-4763be2f01ea", class: None, function: None, usage: None } - 17 IDs,
TranAttribute { gml_id: "tran_91ecc082-86f1-4c09-9bb4-467a826e26ee", class: None, function: None, usage: None } - 57 IDs,
TranAttribute { gml_id: "tran_9229b6de-436f-481d-9b13-375c587ba6b9", class: None, function: None, usage: None } - 275 IDs,
TranAttribute { gml_id: "tran_92ffd1e8-574f-4cef-a1e3-e8c0d2a47fa5", class: None, function: None, usage: None } - 63 IDs,
TranAttribute { gml_id: "tran_94df6731-14c8-438a-a396-a0eea45701ab", class: None, function: None, usage: None } - 73 IDs,
TranAttribute { gml_id: "tran_951baf3e-b32d-43bb-b35d-c784bb0849c6", class: None, function: Some(Other("1010")), usage: None } - 47 IDs,
TranAttribute { gml_id: "tran_95fc91b1-dcd7-4f28-8792-0f7c91483bcf", class: None, function: None, usage: None } - 42 IDs,
TranAttribute { gml_id: "tran_963c63e5-11bd-4980-baea-b3ebc0a0f272", class: None, function: None, usage: None } - 75 IDs,
TranAttribute { gml_id: "tran_9727d5cb-ec8e-46d3-945c-d3b79b75ad69", class: None, function: None, usage: None } - 8 IDs,
TranAttribute { gml_id: "tran_9727d7de-be8d-490f-9e40-6e8329893e77", class: None, function: None, usage: None } - 8 IDs,
TranAttribute { gml_id: "tran_98ce3bdd-a556-4aaf-9e52-2d9ca8751591", class: None, function: None, usage: None } - 12 IDs,
TranAttribute { gml_id: "tran_9b29aba3-ddf5-483a-8422-732a5e2c5474", class: None, function: None, usage: None } - 56 IDs,
TranAttribute { gml_id: "tran_9c3d8b7c-08c8-42b7-8031-46f299a6c359", class: None, function: None, usage: None } - 143 IDs,
TranAttribute { gml_id: "tran_9c7f622c-f3e0-4ce7-b376-d92267357ba5", class: None, function: None, usage: None } - 17 IDs,
TranAttribute { gml_id: "tran_9cceb855-897f-434e-be2b-2ac288f2288c", class: None, function: None, usage: None } - 31 IDs,
TranAttribute { gml_id: "tran_9d71c828-6a41-4413-9ebb-275151c9381c", class: None, function: None, usage: None } - 109 IDs,
TranAttribute { gml_id: "tran_9fab03c1-20de-4f2e-828c-123ba8e59e9b", class: None, function: None, usage: None } - 139 IDs,
TranAttribute { gml_id: "tran_a162ea3b-88f1-46e8-83fe-ae1285ad1073", class: None, function: None, usage: None } - 8 IDs,
TranAttribute { gml_id: "tran_a339712a-e247-4993-b6d3-a0fa0168f604", class: None, function: None, usage: None } - 99 IDs,
TranAttribute { gml_id: "tran_a347b674-c106-4089-ae8b-a9555bc33df2", class: None, function: None, usage: None } - 13 IDs,
TranAttribute { gml_id: "tran_a6710bc8-7d0d-4923-9864-0cdd41852914", class: None, function: None, usage: None } - 104 IDs,
TranAttribute { gml_id: "tran_a6a4cbbf-7d2d-43fa-bfcf-a57a678f8578", class: None, function: None, usage: None } - 71 IDs,
TranAttribute { gml_id: "tran_a799c732-5eda-4731-99b7-acaf337e5e3d", class: None, function: None, usage: None } - 479 IDs,
TranAttribute { gml_id: "tran_a81d9c8a-35ef-4d75-8083-ed074da9044f", class: None, function: None, usage: None } - 89 IDs,
TranAttribute { gml_id: "tran_a8aee587-919d-47a4-ac25-f1c0e7ac9c03", class: None, function: None, usage: None } - 84 IDs,
TranAttribute { gml_id: "tran_a8d9506f-e3c3-4edc-bd98-5e5e99c3ce5a", class: None, function: None, usage: None } - 51 IDs,
TranAttribute { gml_id: "tran_a96b0c85-7a4e-451a-bfc8-30d53c38dcb6", class: None, function: None, usage: None } - 29 IDs,
TranAttribute { gml_id: "tran_a9b355ad-610e-4de2-8921-0805dd1ff872", class: None, function: None, usage: None } - 483 IDs,
TranAttribute { gml_id: "tran_ab5ba2a3-16d7-4522-8747-c73bfe360583", class: None, function: None, usage: None } - 29 IDs,
TranAttribute { gml_id: "tran_abb68037-c2ab-48fc-8b19-6d50b0be08c0", class: None, function: None, usage: None } - 9 IDs,
TranAttribute { gml_id: "tran_abc22283-1e55-492b-bf14-7b7c4f3ec526", class: None, function: None, usage: None } - 31 IDs,
TranAttribute { gml_id: "tran_ad53a7fb-8708-463b-805c-42cb4e14e8d1", class: None, function: None, usage: None } - 105 IDs,
TranAttribute { gml_id: "tran_adf76d1e-54d6-4ff8-b9d7-c26ff40291c9", class: None, function: None, usage: None } - 65 IDs,
TranAttribute { gml_id: "tran_ae4eba1b-daa7-4702-8d18-4e3dc515bdbd", class: None, function: None, usage: None } - 17 IDs,
TranAttribute { gml_id: "tran_aefe6021-72f3-462a-b0b1-8426260749a7", class: None, function: None, usage: None } - 285 IDs,
TranAttribute { gml_id: "tran_afb6502d-ecc8-4990-b2b7-2924fa78caeb", class: None, function: None, usage: None } - 58 IDs,
TranAttribute { gml_id: "tran_b0348d9b-9aeb-4ff1-8678-403d88dbdd3d", class: None, function: Some(Other("2020")), usage: None } - 32 IDs,
TranAttribute { gml_id: "tran_b054103e-0beb-4f19-a09e-07a7f5350f00", class: None, function: None, usage: None } - 130 IDs,
TranAttribute { gml_id: "tran_b0d89969-ea83-466e-a892-18f3c76f1326", class: None, function: None, usage: None } - 68 IDs,
TranAttribute { gml_id: "tran_b1363218-c99f-451d-ba81-3186e186a2c2", class: None, function: None, usage: None } - 20 IDs,
TranAttribute { gml_id: "tran_b1e4b32c-7ac6-4938-a528-e60c54b49b0c", class: None, function: Some(Other("2020")), usage: None } - 86 IDs,
TranAttribute { gml_id: "tran_b223a8f8-279d-4057-8c8d-b99d67f225e2", class: None, function: None, usage: None } - 35 IDs,
TranAttribute { gml_id: "tran_b2b70de2-78d1-4f6f-a123-6fdbc4aafc7c", class: None, function: None, usage: None } - 13 IDs,
TranAttribute { gml_id: "tran_b59f2375-0912-4adb-afb1-14b00c25b17b", class: None, function: Some(Other("1010")), usage: None } - 950 IDs,
TranAttribute { gml_id: "tran_b5c9ab70-262e-4a44-a7f6-0ec431c1300b", class: None, function: None, usage: None } - 21 IDs,
TranAttribute { gml_id: "tran_b5ff57da-73d0-4972-a8d1-adca870d9775", class: None, function: None, usage: None } - 83 IDs,
TranAttribute { gml_id: "tran_b78c7e34-dbad-46de-8172-fd2fb4a709b3", class: None, function: None, usage: None } - 230 IDs,
TranAttribute { gml_id: "tran_b7b67a11-9955-4c90-ae9b-d7d3a3c20a69", class: None, function: None, usage: None } - 15 IDs,
TranAttribute { gml_id: "tran_b82c342a-a124-4b00-abb3-d4d8c1c585c9", class: None, function: None, usage: None } - 591 IDs,
TranAttribute { gml_id: "tran_b82ef6c7-1167-4001-8e3e-ada256b69a30", class: None, function: None, usage: None } - 9 IDs,
TranAttribute { gml_id: "tran_b8c55094-af8b-47e3-87f2-ac6f2dc3c5e4", class: None, function: None, usage: None } - 54 IDs,
TranAttribute { gml_id: "tran_b987e5be-d0f1-4511-a741-4c29d9250787", class: None, function: None, usage: None } - 97 IDs,
TranAttribute { gml_id: "tran_ba97595f-a109-4244-8ea4-30f2eadea9d7", class: None, function: None, usage: None } - 17 IDs,
TranAttribute { gml_id: "tran_bb38eafb-aae0-4be9-a836-c239f4919fec", class: None, function: None, usage: None } - 65 IDs,
TranAttribute { gml_id: "tran_bb5c0c05-a576-4a13-9a46-42af4200f595", class: None, function: None, usage: None } - 92 IDs,
TranAttribute { gml_id: "tran_bcb1c570-379e-450f-866e-c46537059767", class: None, function: None, usage: None } - 18 IDs,
TranAttribute { gml_id: "tran_bd2bbaae-5a0b-49bc-bcdf-e7dcea650272", class: None, function: None, usage: None } - 12 IDs,
TranAttribute { gml_id: "tran_bd5c8d2f-4d99-42c9-a04e-45bf17a39055", class: None, function: None, usage: None } - 33 IDs,
TranAttribute { gml_id: "tran_bd814258-6cdc-4e64-81ec-70f547def0e9", class: None, function: None, usage: None } - 47 IDs,
TranAttribute { gml_id: "tran_bdbfabe9-bf0c-4246-b80e-0155b241314f", class: None, function: None, usage: None } - 124 IDs,
TranAttribute { gml_id: "tran_bdf4ce8a-2df4-4250-9c74-2b0a61bdbdb1", class: None, function: None, usage: None } - 38 IDs,
TranAttribute { gml_id: "tran_be97ff63-b359-4c8e-9f88-add3948d5110", class: None, function: None, usage: None } - 88 IDs,
TranAttribute { gml_id: "tran_be9ffffd-d10f-453c-b06b-a9c7f24c3a37", class: None, function: None, usage: None } - 201 IDs,
TranAttribute { gml_id: "tran_c11b6633-31f7-4fe1-b6be-cc7babcbe6c3", class: None, function: None, usage: None } - 136 IDs,
TranAttribute { gml_id: "tran_c27e759a-54ef-46e7-b517-98aa1ef84589", class: None, function: Some(Other("1010")), usage: None } - 12 IDs,
TranAttribute { gml_id: "tran_c2f5ada8-182e-406b-aa1f-6036cf1086c2", class: None, function: None, usage: None } - 118 IDs,
TranAttribute { gml_id: "tran_c325615d-8e23-490e-88c5-7344c20edd5b", class: None, function: None, usage: None } - 58 IDs,
TranAttribute { gml_id: "tran_c8101e44-c563-4687-9be9-8d14d4518be5", class: None, function: None, usage: None } - 117 IDs,
TranAttribute { gml_id: "tran_c8a3b70f-ff2f-43e5-859e-7b3180e17c1f", class: None, function: None, usage: None } - 61 IDs,
TranAttribute { gml_id: "tran_c8d25f7d-ae4e-498d-924f-a85c162cbc31", class: None, function: None, usage: None } - 130 IDs,
TranAttribute { gml_id: "tran_c90264e8-35bc-485c-948f-4a775be67155", class: None, function: None, usage: None } - 91 IDs,
TranAttribute { gml_id: "tran_c92634f8-e83b-4ee4-9736-eaa49260470a", class: None, function: None, usage: None } - 12 IDs,
TranAttribute { gml_id: "tran_cdac79b3-ae30-498f-9e1a-5a2c33a435a6", class: None, function: None, usage: None } - 10 IDs,
TranAttribute { gml_id: "tran_ce1d7d49-bab7-41d9-843c-6debb1bc155d", class: None, function: None, usage: None } - 102 IDs,
TranAttribute { gml_id: "tran_ce656a24-70b8-4c0f-97b9-dcde6f67993e", class: None, function: Some(Other("3")), usage: None } - 145 IDs,
TranAttribute { gml_id: "tran_cf182037-9d97-4219-b9f8-3545b4a69d08", class: None, function: None, usage: None } - 36 IDs,
TranAttribute { gml_id: "tran_d0c7ce6e-b649-4275-9654-869cce89f71f", class: None, function: None, usage: None } - 106 IDs,
TranAttribute { gml_id: "tran_d16d10f5-acde-4fc1-b271-d4191b83a6f3", class: None, function: Some(Other("3")), usage: None } - 106 IDs,
TranAttribute { gml_id: "tran_d1bd726c-e288-4147-abc4-3bef26fcbdf4", class: None, function: None, usage: None } - 13 IDs,
TranAttribute { gml_id: "tran_d34fb255-8707-4313-9265-b045e8bbc38d", class: None, function: Some(Other("3")), usage: None } - 65 IDs,
TranAttribute { gml_id: "tran_d4f0ce3e-25a8-49f2-929c-387b373f995d", class: None, function: None, usage: None } - 26 IDs,
TranAttribute { gml_id: "tran_d609129a-b6a9-46fb-9ef9-fd9188e81485", class: None, function: None, usage: None } - 22 IDs,
TranAttribute { gml_id: "tran_d6742bc4-beb2-4e98-8f5f-2cd9b594036e", class: None, function: None, usage: None } - 81 IDs,
TranAttribute { gml_id: "tran_d7854e94-b91d-48ff-8f66-b22f8d1ee413", class: None, function: None, usage: None } - 40 IDs,
TranAttribute { gml_id: "tran_d8776d89-852c-4f29-8a2f-09e7b3586808", class: None, function: None, usage: None } - 8 IDs,
TranAttribute { gml_id: "tran_db8a604f-3ef7-4b7f-a21d-62b0c0fcbc69", class: None, function: None, usage: None } - 13 IDs,
TranAttribute { gml_id: "tran_dc579a97-9283-4c11-84e4-f9923fad9e9c", class: None, function: None, usage: None } - 145 IDs,
TranAttribute { gml_id: "tran_dda786f8-593f-4dce-bdd5-3f6427d54c2c", class: None, function: None, usage: None } - 293 IDs,
TranAttribute { gml_id: "tran_de36f104-2575-417a-a131-924b8cca123d", class: None, function: None, usage: None } - 17 IDs,
TranAttribute { gml_id: "tran_dee1a968-e01f-4803-a400-19028674932d", class: None, function: None, usage: None } - 68 IDs,
TranAttribute { gml_id: "tran_e0450aec-c4fc-4f12-a5b8-bd0cb8d9a8b0", class: None, function: None, usage: None } - 13 IDs,
TranAttribute { gml_id: "tran_e0794d84-6004-49c4-b75f-6aa06ca1e1d2", class: None, function: None, usage: None } - 296 IDs,
TranAttribute { gml_id: "tran_e19d3f89-29d5-42e4-83e5-3c410d54eefe", class: None, function: None, usage: None } - 127 IDs,
TranAttribute { gml_id: "tran_e317faaf-a9cb-4bd0-a3c6-4e25628ee733", class: None, function: None, usage: None } - 72 IDs,
TranAttribute { gml_id: "tran_e539f986-b62e-4a67-9f7b-abaf6f72ec00", class: None, function: None, usage: None } - 8 IDs,
TranAttribute { gml_id: "tran_e551dfdf-80b5-4ced-a2a6-753ad5519384", class: None, function: None, usage: None } - 90 IDs,
TranAttribute { gml_id: "tran_e59e8bcf-7e3c-47aa-ba53-ab6100225d12", class: None, function: None, usage: None } - 43 IDs,
TranAttribute { gml_id: "tran_e5aa3655-ca60-4d33-908b-d19e429fed66", class: None, function: Some(Other("1010")), usage: None } - 788 IDs,
TranAttribute { gml_id: "tran_e6b8b2b7-0972-47bb-870e-e084ef35bde2", class: None, function: None, usage: None } - 126 IDs,
TranAttribute { gml_id: "tran_e6eb54e7-aaf2-44ab-aaee-97dfd57000f2", class: None, function: None, usage: None } - 104 IDs,
TranAttribute { gml_id: "tran_e7b5e252-4f9c-4e25-a9e4-a98337be8427", class: None, function: Some(Other("3")), usage: None } - 106 IDs,
TranAttribute { gml_id: "tran_e7be0b00-333c-4b47-b0ae-b4e536885a39", class: None, function: None, usage: None } - 207 IDs,
TranAttribute { gml_id: "tran_e807d919-71d4-4f93-8240-8ba2f942dcdd", class: None, function: None, usage: None } - 30 IDs,
TranAttribute { gml_id: "tran_e96cb50e-1b67-4c42-9768-3ec614c556a2", class: None, function: None, usage: None } - 111 IDs,
TranAttribute { gml_id: "tran_e970cc01-0465-4e06-b57c-46b0439a591c", class: None, function: None, usage: None } - 83 IDs,
TranAttribute { gml_id: "tran_e9d52fd6-6443-42bc-8add-1df374ca031c", class: None, function: None, usage: None } - 13 IDs,
TranAttribute { gml_id: "tran_eb32132c-4e8f-449b-a03b-242bd89103f2", class: None, function: None, usage: None } - 240 IDs,
TranAttribute { gml_id: "tran_ec8b33c3-65a0-4fdb-83e0-b2e8d185f426", class: None, function: None, usage: None } - 312 IDs,
TranAttribute { gml_id: "tran_ed8aeddb-f4bc-4ba1-b6f2-02cf8d295df8", class: None, function: None, usage: None } - 107 IDs,
TranAttribute { gml_id: "tran_ee0ebe52-537d-49d4-b8b5-50a0392f5079", class: None, function: None, usage: None } - 42 IDs,
TranAttribute { gml_id: "tran_ee761ee7-e05a-4ec4-a6ac-ed9dbf9fb9dc", class: None, function: None, usage: None } - 30 IDs,
TranAttribute { gml_id: "tran_eea2f137-8909-4400-8e12-887a266f3fd7", class: None, function: None, usage: None } - 134 IDs,
TranAttribute { gml_id: "tran_eef48e2e-61ee-41c4-845d-c8e75382d217", class: None, function: None, usage: None } - 8 IDs,
TranAttribute { gml_id: "tran_efffd002-dc16-48dc-a998-8c78564e676d", class: None, function: Some(Other("3")), usage: None } - 58 IDs,
TranAttribute { gml_id: "tran_f0ee560f-3aa7-4e11-ab9e-69a7e17c15e3", class: None, function: None, usage: None } - 180 IDs,
TranAttribute { gml_id: "tran_f1080650-c5d7-4254-9ac6-b0367f170b3c", class: None, function: None, usage: None } - 52 IDs,
TranAttribute { gml_id: "tran_f18986b1-8164-45f0-ade7-ba08af8c00fd", class: None, function: None, usage: None } - 52 IDs,
TranAttribute { gml_id: "tran_f24157d8-9748-424e-862d-9aa1b9c758fb", class: None, function: None, usage: None } - 15 IDs,
TranAttribute { gml_id: "tran_f259aa90-5def-431f-bf0a-a53c68e51587", class: None, function: None, usage: None } - 19 IDs,
TranAttribute { gml_id: "tran_f634b7d3-ac07-4641-a348-dba0946da6dc", class: None, function: None, usage: None } - 96 IDs,
TranAttribute { gml_id: "tran_f649696f-87a4-4240-9226-0d0029b983a3", class: None, function: None, usage: None } - 40 IDs,
TranAttribute { gml_id: "tran_f68ce690-46fa-46ae-87ed-be95a7cd072d", class: None, function: None, usage: None } - 13 IDs,
TranAttribute { gml_id: "tran_f6beceaa-d0ad-4bd2-966e-56185c7e8c3d", class: None, function: None, usage: None } - 13 IDs,
TranAttribute { gml_id: "tran_f890666c-9901-4c69-a4b4-a793924b44d0", class: None, function: None, usage: None } - 16 IDs,
TranAttribute { gml_id: "tran_f8eddfec-2e79-4f01-97bf-94d9c8bde697", class: None, function: None, usage: None } - 45 IDs,
TranAttribute { gml_id: "tran_f96c4f55-1fd3-41ed-88b5-d0a9b2448a73", class: None, function: None, usage: None } - 67 IDs,
TranAttribute { gml_id: "tran_f9946165-3333-45d8-8759-d557f189264d", class: None, function: None, usage: None } - 57 IDs,
TranAttribute { gml_id: "tran_f9e7afff-9129-41c2-893b-4b3b4d562846", class: None, function: None, usage: None } - 10 IDs,
TranAttribute { gml_id: "tran_fbded288-64aa-459d-a74a-dd6e037a58b5", class: None, function: None, usage: None } - 95 IDs,
TranAttribute { gml_id: "tran_fcac62cf-38f5-4bfa-a302-fe2a87a4b7dc", class: None, function: None, usage: None } - 46 IDs,
TranAttribute { gml_id: "tran_fd52bdf3-d7b4-4f6d-92de-ee203035cc5b", class: None, function: None, usage: None } - 4 IDs,
TranAttribute { gml_id: "tran_fe3ee400-8c9c-4b84-b8c4-6fb1f2b1c426", class: None, function: None, usage: None } - 67 IDs,
TranAttribute { gml_id: "tran_fe63201f-027c-47e2-beb4-ed79b21815ec", class: None, function: None, usage: None } - 10 IDs,
TranAttribute { gml_id: "tran_fe6d5c03-2fa5-42e2-a760-2af572b97080", class: None, function: None, usage: None } - 109 IDs,
TranAttribute { gml_id: "tran_fec78cc0-9f55-45b1-9ace-6a51200110d3", class: None, function: None, usage: None } - 4 IDs
